Traceback (most recent call last):
  File "/data/p_03183/personal_workspaces/sheker/NeuroBOLT/main.py", line 821, in <module>
    main(args, ds_init)
  File "/data/p_03183/personal_workspaces/sheker/NeuroBOLT/main.py", line 628, in main
    train_stats = train_one_epoch(
  File "/data/p_03183/personal_workspaces/sheker/NeuroBOLT/engine.py", line 87, in train_one_epoch
    loss, output = train_class_batch(
  File "/data/p_03183/personal_workspaces/sheker/NeuroBOLT/engine.py", line 24, in train_class_batch
    outputs = model(samples, ch_names)
  File "/data/u_atayeva_software/conda/envs/neurobolt/lib/python3.9/site-packages/torch/nn/modules/module.py", line 1501, in _call_impl
    return forward_call(*args, **kwargs)
  File "/data/p_03183/personal_workspaces/sheker/NeuroBOLT/arch/model.py", line 404, in forward
    x_mss = self.mss_module(rearrange(x, 'B N A T -> B N (A T)'), input_chans=input_chans_spect)
  File "/data/u_atayeva_software/conda/envs/neurobolt/lib/python3.9/site-packages/torch/nn/modules/module.py", line 1501, in _call_impl
    return forward_call(*args, **kwargs)
  File "/data/p_03183/personal_workspaces/sheker/NeuroBOLT/arch/model_multiscale.py", line 196, in forward
    emb = self.transformer(emb).mean(dim=1)
  File "/data/u_atayeva_software/conda/envs/neurobolt/lib/python3.9/site-packages/torch/nn/modules/module.py", line 1501, in _call_impl
    return forward_call(*args, **kwargs)
  File "/data/u_atayeva_software/conda/envs/neurobolt/lib/python3.9/site-packages/linear_attention_transformer/linear_attention_transformer.py", line 438, in forward
    return self.layers(x, **kwargs)
  File "/data/u_atayeva_software/conda/envs/neurobolt/lib/python3.9/site-packages/torch/nn/modules/module.py", line 1501, in _call_impl
    return forward_call(*args, **kwargs)
  File "/data/u_atayeva_software/conda/envs/neurobolt/lib/python3.9/site-packages/linear_attention_transformer/reversible.py", line 150, in forward
    x = x + g(x, **g_args)
  File "/data/u_atayeva_software/conda/envs/neurobolt/lib/python3.9/site-packages/torch/nn/modules/module.py", line 1501, in _call_impl
    return forward_call(*args, **kwargs)
  File "/data/u_atayeva_software/conda/envs/neurobolt/lib/python3.9/site-packages/linear_attention_transformer/linear_attention_transformer.py", line 75, in forward
    return self.fn(x, **kwargs)
  File "/data/u_atayeva_software/conda/envs/neurobolt/lib/python3.9/site-packages/torch/nn/modules/module.py", line 1501, in _call_impl
    return forward_call(*args, **kwargs)
  File "/data/u_atayeva_software/conda/envs/neurobolt/lib/python3.9/site-packages/linear_attention_transformer/linear_attention_transformer.py", line 86, in forward
    return self.fn(x, **kwargs)
  File "/data/u_atayeva_software/conda/envs/neurobolt/lib/python3.9/site-packages/torch/nn/modules/module.py", line 1501, in _call_impl
    return forward_call(*args, **kwargs)
  File "/data/u_atayeva_software/conda/envs/neurobolt/lib/python3.9/site-packages/linear_attention_transformer/linear_attention_transformer.py", line 193, in forward
    x = self.act(x)
  File "/data/u_atayeva_software/conda/envs/neurobolt/lib/python3.9/site-packages/torch/nn/modules/module.py", line 1501, in _call_impl
    return forward_call(*args, **kwargs)
  File "/data/u_atayeva_software/conda/envs/neurobolt/lib/python3.9/site-packages/torch/nn/modules/activation.py", line 685, in forward
    return F.gelu(input, approximate=self.approximate)
torch.cuda.OutOfMemoryError: CUDA out of memory. Tried to allocate 198.00 MiB (GPU 0; 23.46 GiB total capacity; 22.80 GiB already allocated; 76.94 MiB free; 23.01 GiB reserved in total by PyTorch) If reserved memory is >> allocated memory try setting max_split_size_mb to avoid fragmentation.  See documentation for Memory Management and PYTORCH_CUDA_ALLOC_CONF
