                       using device: cuda
Algermissen subjects to train: ['sub-001', 'sub-002', 'sub-003', 'sub-005', 'sub-006', 'sub-007', 'sub-008', 'sub-009', 'sub-010', 'sub-011', 'sub-012', 'sub-013', 'sub-014', 'sub-016', 'sub-017', 'sub-018', 'sub-019', 'sub-020', 'sub-021', 'sub-022', 'sub-023', 'sub-024', 'sub-026', 'sub-027', 'sub-028', 'sub-029', 'sub-030', 'sub-031', 'sub-032', 'sub-033', 'sub-034', 'sub-035']

============================================================
Starting NeuroBOLT training for sub-001
============================================================

Not using distributed mode
  sub-001: built 2584 EEG->VS epochs (EEG 63ch x 3200 samp @ 200Hz)
  split sizes — train 2067, val 246, test 247

Dataset shapes:
Train dataset - EEG: torch.Size([2067, 63, 3200]), fMRI: torch.Size([2067])
Test dataset  - EEG: torch.Size([247, 63, 3200]), fMRI: torch.Size([247])
Val dataset   - EEG: torch.Size([246, 63, 3200]), fMRI: torch.Size([246])
Sampler_train = <torch.utils.data.distributed.DistributedSampler object at 0x7f87bd65f070>
Patch size = 200
Load ckpt from /data/p_03183/personal_workspaces/sheker/NeuroBOLT/checkpoints/labram-base.pth
Load state_dict by model_key = model
Weights of NeuroBOLTransformer not initialized from pretrained model: ['fc_norm.weight', 'fc_norm.bias', 'head.weight', 'head.bias', 'mss_module.index', 'mss_module.patch_embedding.0.projection.weight', 'mss_module.patch_embedding.0.projection.bias', 'mss_module.patch_embedding.1.projection.weight', 'mss_module.patch_embedding.1.projection.bias', 'mss_module.patch_embedding.2.projection.weight', 'mss_module.patch_embedding.2.projection.bias', 'mss_module.patch_embedding.3.projection.weight', 'mss_module.patch_embedding.3.projection.bias', 'mss_module.ts_embedding.0.projection.weight', 'mss_module.ts_embedding.0.projection.bias', 'mss_module.ts_embedding.1.projection.weight', 'mss_module.ts_embedding.1.projection.bias', 'mss_module.ts_embedding.2.projection.weight', 'mss_module.ts_embedding.2.projection.bias', 'mss_module.ts_embedding.3.projection.weight', 'mss_module.ts_embedding.3.projection.bias', 'mss_module.transformer.layers.layers.0.0.fn.to_q.weight', 'mss_module.transformer.layers.layers.0.0.fn.to_k.weight', 'mss_module.transformer.layers.layers.0.0.fn.to_v.weight', 'mss_module.transformer.layers.layers.0.0.fn.to_out.weight', 'mss_module.transformer.layers.layers.0.0.fn.to_out.bias', 'mss_module.transformer.layers.layers.0.0.norm.weight', 'mss_module.transformer.layers.layers.0.0.norm.bias', 'mss_module.transformer.layers.layers.0.1.fn.fn.w1.weight', 'mss_module.transformer.layers.layers.0.1.fn.fn.w1.bias', 'mss_module.transformer.layers.layers.0.1.fn.fn.w2.weight', 'mss_module.transformer.layers.layers.0.1.fn.fn.w2.bias', 'mss_module.transformer.layers.layers.0.1.norm.weight', 'mss_module.transformer.layers.layers.0.1.norm.bias', 'mss_module.transformer.layers.layers.1.0.fn.to_q.weight', 'mss_module.transformer.layers.layers.1.0.fn.to_k.weight', 'mss_module.transformer.layers.layers.1.0.fn.to_v.weight', 'mss_module.transformer.layers.layers.1.0.fn.to_out.weight', 'mss_module.transformer.layers.layers.1.0.fn.to_out.bias', 'mss_module.transformer.layers.layers.1.0.norm.weight', 'mss_module.transformer.layers.layers.1.0.norm.bias', 'mss_module.transformer.layers.layers.1.1.fn.fn.w1.weight', 'mss_module.transformer.layers.layers.1.1.fn.fn.w1.bias', 'mss_module.transformer.layers.layers.1.1.fn.fn.w2.weight', 'mss_module.transformer.layers.layers.1.1.fn.fn.w2.bias', 'mss_module.transformer.layers.layers.1.1.norm.weight', 'mss_module.transformer.layers.layers.1.1.norm.bias', 'mss_module.transformer.layers.layers.2.0.fn.to_q.weight', 'mss_module.transformer.layers.layers.2.0.fn.to_k.weight', 'mss_module.transformer.layers.layers.2.0.fn.to_v.weight', 'mss_module.transformer.layers.layers.2.0.fn.to_out.weight', 'mss_module.transformer.layers.layers.2.0.fn.to_out.bias', 'mss_module.transformer.layers.layers.2.0.norm.weight', 'mss_module.transformer.layers.layers.2.0.norm.bias', 'mss_module.transformer.layers.layers.2.1.fn.fn.w1.weight', 'mss_module.transformer.layers.layers.2.1.fn.fn.w1.bias', 'mss_module.transformer.layers.layers.2.1.fn.fn.w2.weight', 'mss_module.transformer.layers.layers.2.1.fn.fn.w2.bias', 'mss_module.transformer.layers.layers.2.1.norm.weight', 'mss_module.transformer.layers.layers.2.1.norm.bias', 'mss_module.transformer.layers.layers.3.0.fn.to_q.weight', 'mss_module.transformer.layers.layers.3.0.fn.to_k.weight', 'mss_module.transformer.layers.layers.3.0.fn.to_v.weight', 'mss_module.transformer.layers.layers.3.0.fn.to_out.weight', 'mss_module.transformer.layers.layers.3.0.fn.to_out.bias', 'mss_module.transformer.layers.layers.3.0.norm.weight', 'mss_module.transformer.layers.layers.3.0.norm.bias', 'mss_module.transformer.layers.layers.3.1.fn.fn.w1.weight', 'mss_module.transformer.layers.layers.3.1.fn.fn.w1.bias', 'mss_module.transformer.layers.layers.3.1.fn.fn.w2.weight', 'mss_module.transformer.layers.layers.3.1.fn.fn.w2.bias', 'mss_module.transformer.layers.layers.3.1.norm.weight', 'mss_module.transformer.layers.layers.3.1.norm.bias', 'mss_module.positional_encoding.pe', 'mss_module.channel_tokens.weight']
Weights from pretrained model not used in NeuroBOLTransformer: ['mask_token', 'lm_head.weight', 'lm_head.bias', 'norm.weight', 'norm.bias']
Model = NeuroBOLTransformer(
  (patch_embed): TemporalConv(
    (conv1): Conv2d(1, 8, kernel_size=(1, 15), stride=(1, 8), padding=(0, 7))
    (gelu1): GELU(approximate='none')
    (norm1): GroupNorm(4, 8, eps=1e-05, affine=True)
    (conv2): Conv2d(8, 8, kernel_size=(1, 3), stride=(1, 1), padding=(0, 1))
    (gelu2): GELU(approximate='none')
    (norm2): GroupNorm(4, 8, eps=1e-05, affine=True)
    (conv3): Conv2d(8, 8, kernel_size=(1, 3), stride=(1, 1), padding=(0, 1))
    (norm3): GroupNorm(4, 8, eps=1e-05, affine=True)
    (gelu3): GELU(approximate='none')
  )
  (pos_drop): Dropout(p=0.3, inplace=False)
  (blocks): ModuleList(
    (0): Block(
      (norm1): LayerNorm((200,), eps=1e-06, elementwise_affine=True)
      (attn): Attention(
        (qkv): Linear(in_features=200, out_features=600, bias=False)
        (q_norm): LayerNorm((20,), eps=1e-06, elementwise_affine=True)
        (k_norm): LayerNorm((20,), eps=1e-06, elementwise_affine=True)
        (attn_drop): Dropout(p=0.0, inplace=False)
        (proj): Linear(in_features=200, out_features=200, bias=True)
        (proj_drop): Dropout(p=0.3, inplace=False)
      )
      (drop_path): Identity()
      (norm2): LayerNorm((200,), eps=1e-06, elementwise_affine=True)
      (mlp): Mlp(
        (fc1): Linear(in_features=200, out_features=800, bias=True)
        (act): GELU(approximate='none')
        (fc2): Linear(in_features=800, out_features=200, bias=True)
        (drop): Dropout(p=0.3, inplace=False)
      )
    )
    (1): Block(
      (norm1): LayerNorm((200,), eps=1e-06, elementwise_affine=True)
      (attn): Attention(
        (qkv): Linear(in_features=200, out_features=600, bias=False)
        (q_norm): LayerNorm((20,), eps=1e-06, elementwise_affine=True)
        (k_norm): LayerNorm((20,), eps=1e-06, elementwise_affine=True)
        (attn_drop): Dropout(p=0.0, inplace=False)
        (proj): Linear(in_features=200, out_features=200, bias=True)
        (proj_drop): Dropout(p=0.3, inplace=False)
      )
      (drop_path): DropPath(p=0.00909090880304575)
      (norm2): LayerNorm((200,), eps=1e-06, elementwise_affine=True)
      (mlp): Mlp(
        (fc1): Linear(in_features=200, out_features=800, bias=True)
        (act): GELU(approximate='none')
        (fc2): Linear(in_features=800, out_features=200, bias=True)
        (drop): Dropout(p=0.3, inplace=False)
      )
    )
    (2): Block(
      (norm1): LayerNorm((200,), eps=1e-06, elementwise_affine=True)
      (attn): Attention(
        (qkv): Linear(in_features=200, out_features=600, bias=False)
        (q_norm): LayerNorm((20,), eps=1e-06, elementwise_affine=True)
        (k_norm): LayerNorm((20,), eps=1e-06, elementwise_affine=True)
        (attn_drop): Dropout(p=0.0, inplace=False)
        (proj): Linear(in_features=200, out_features=200, bias=True)
        (proj_drop): Dropout(p=0.3, inplace=False)
      )
      (drop_path): DropPath(p=0.0181818176060915)
      (norm2): LayerNorm((200,), eps=1e-06, elementwise_affine=True)
      (mlp): Mlp(
        (fc1): Linear(in_features=200, out_features=800, bias=True)
        (act): GELU(approximate='none')
        (fc2): Linear(in_features=800, out_features=200, bias=True)
        (drop): Dropout(p=0.3, inplace=False)
      )
    )
    (3): Block(
      (norm1): LayerNorm((200,), eps=1e-06, elementwise_affine=True)
      (attn): Attention(
        (qkv): Linear(in_features=200, out_features=600, bias=False)
        (q_norm): LayerNorm((20,), eps=1e-06, elementwise_affine=True)
        (k_norm): LayerNorm((20,), eps=1e-06, elementwise_affine=True)
        (attn_drop): Dropout(p=0.0, inplace=False)
        (proj): Linear(in_features=200, out_features=200, bias=True)
        (proj_drop): Dropout(p=0.3, inplace=False)
      )
      (drop_path): DropPath(p=0.027272727340459824)
      (norm2): LayerNorm((200,), eps=1e-06, elementwise_affine=True)
      (mlp): Mlp(
        (fc1): Linear(in_features=200, out_features=800, bias=True)
        (act): GELU(approximate='none')
        (fc2): Linear(in_features=800, out_features=200, bias=True)
        (drop): Dropout(p=0.3, inplace=False)
      )
    )
    (4): Block(
      (norm1): LayerNorm((200,), eps=1e-06, elementwise_affine=True)
      (attn): Attention(
        (qkv): Linear(in_features=200, out_features=600, bias=False)
        (q_norm): LayerNorm((20,), eps=1e-06, elementwise_affine=True)
        (k_norm): LayerNorm((20,), eps=1e-06, elementwise_affine=True)
        (attn_drop): Dropout(p=0.0, inplace=False)
        (proj): Linear(in_features=200, out_features=200, bias=True)
        (proj_drop): Dropout(p=0.3, inplace=False)
      )
      (drop_path): DropPath(p=0.036363635212183)
      (norm2): LayerNorm((200,), eps=1e-06, elementwise_affine=True)
      (mlp): Mlp(
        (fc1): Linear(in_features=200, out_features=800, bias=True)
        (act): GELU(approximate='none')
        (fc2): Linear(in_features=800, out_features=200, bias=True)
        (drop): Dropout(p=0.3, inplace=False)
      )
    )
    (5): Block(
      (norm1): LayerNorm((200,), eps=1e-06, elementwise_affine=True)
      (attn): Attention(
        (qkv): Linear(in_features=200, out_features=600, bias=False)
        (q_norm): LayerNorm((20,), eps=1e-06, elementwise_affine=True)
        (k_norm): LayerNorm((20,), eps=1e-06, elementwise_affine=True)
        (attn_drop): Dropout(p=0.0, inplace=False)
        (proj): Linear(in_features=200, out_features=200, bias=True)
        (proj_drop): Dropout(p=0.3, inplace=False)
      )
      (drop_path): DropPath(p=0.045454543083906174)
      (norm2): LayerNorm((200,), eps=1e-06, elementwise_affine=True)
      (mlp): Mlp(
        (fc1): Linear(in_features=200, out_features=800, bias=True)
        (act): GELU(approximate='none')
        (fc2): Linear(in_features=800, out_features=200, bias=True)
        (drop): Dropout(p=0.3, inplace=False)
      )
    )
    (6): Block(
      (norm1): LayerNorm((200,), eps=1e-06, elementwise_affine=True)
      (attn): Attention(
        (qkv): Linear(in_features=200, out_features=600, bias=False)
        (q_norm): LayerNorm((20,), eps=1e-06, elementwise_affine=True)
        (k_norm): LayerNorm((20,), eps=1e-06, elementwise_affine=True)
        (attn_drop): Dropout(p=0.0, inplace=False)
        (proj): Linear(in_features=200, out_features=200, bias=True)
        (proj_drop): Dropout(p=0.3, inplace=False)
      )
      (drop_path): DropPath(p=0.054545458406209946)
      (norm2): LayerNorm((200,), eps=1e-06, elementwise_affine=True)
      (mlp): Mlp(
        (fc1): Linear(in_features=200, out_features=800, bias=True)
        (act): GELU(approximate='none')
        (fc2): Linear(in_features=800, out_features=200, bias=True)
        (drop): Dropout(p=0.3, inplace=False)
      )
    )
    (7): Block(
      (norm1): LayerNorm((200,), eps=1e-06, elementwise_affine=True)
      (attn): Attention(
        (qkv): Linear(in_features=200, out_features=600, bias=False)
        (q_norm): LayerNorm((20,), eps=1e-06, elementwise_affine=True)
        (k_norm): LayerNorm((20,), eps=1e-06, elementwise_affine=True)
        (attn_drop): Dropout(p=0.0, inplace=False)
        (proj): Linear(in_features=200, out_features=200, bias=True)
        (proj_drop): Dropout(p=0.3, inplace=False)
      )
      (drop_path): DropPath(p=0.06363636255264282)
      (norm2): LayerNorm((200,), eps=1e-06, elementwise_affine=True)
      (mlp): Mlp(
        (fc1): Linear(in_features=200, out_features=800, bias=True)
        (act): GELU(approximate='none')
        (fc2): Linear(in_features=800, out_features=200, bias=True)
        (drop): Dropout(p=0.3, inplace=False)
      )
    )
    (8): Block(
      (norm1): LayerNorm((200,), eps=1e-06, elementwise_affine=True)
      (attn): Attention(
        (qkv): Linear(in_features=200, out_features=600, bias=False)
        (q_norm): LayerNorm((20,), eps=1e-06, elementwise_affine=True)
        (k_norm): LayerNorm((20,), eps=1e-06, elementwise_affine=True)
        (attn_drop): Dropout(p=0.0, inplace=False)
        (proj): Linear(in_features=200, out_features=200, bias=True)
        (proj_drop): Dropout(p=0.3, inplace=False)
      )
      (drop_path): DropPath(p=0.0727272778749466)
      (norm2): LayerNorm((200,), eps=1e-06, elementwise_affine=True)
      (mlp): Mlp(
        (fc1): Linear(in_features=200, out_features=800, bias=True)
        (act): GELU(approximate='none')
        (fc2): Linear(in_features=800, out_features=200, bias=True)
        (drop): Dropout(p=0.3, inplace=False)
      )
    )
    (9): Block(
      (norm1): LayerNorm((200,), eps=1e-06, elementwise_affine=True)
      (attn): Attention(
        (qkv): Linear(in_features=200, out_features=600, bias=False)
        (q_norm): LayerNorm((20,), eps=1e-06, elementwise_affine=True)
        (k_norm): LayerNorm((20,), eps=1e-06, elementwise_affine=True)
        (attn_drop): Dropout(p=0.0, inplace=False)
        (proj): Linear(in_features=200, out_features=200, bias=True)
        (proj_drop): Dropout(p=0.3, inplace=False)
      )
      (drop_path): DropPath(p=0.08181818574666977)
      (norm2): LayerNorm((200,), eps=1e-06, elementwise_affine=True)
      (mlp): Mlp(
        (fc1): Linear(in_features=200, out_features=800, bias=True)
        (act): GELU(approximate='none')
        (fc2): Linear(in_features=800, out_features=200, bias=True)
        (drop): Dropout(p=0.3, inplace=False)
      )
    )
    (10): Block(
      (norm1): LayerNorm((200,), eps=1e-06, elementwise_affine=True)
      (attn): Attention(
        (qkv): Linear(in_features=200, out_features=600, bias=False)
        (q_norm): LayerNorm((20,), eps=1e-06, elementwise_affine=True)
        (k_norm): LayerNorm((20,), eps=1e-06, elementwise_affine=True)
        (attn_drop): Dropout(p=0.0, inplace=False)
        (proj): Linear(in_features=200, out_features=200, bias=True)
        (proj_drop): Dropout(p=0.3, inplace=False)
      )
      (drop_path): DropPath(p=0.09090909361839294)
      (norm2): LayerNorm((200,), eps=1e-06, elementwise_affine=True)
      (mlp): Mlp(
        (fc1): Linear(in_features=200, out_features=800, bias=True)
        (act): GELU(approximate='none')
        (fc2): Linear(in_features=800, out_features=200, bias=True)
        (drop): Dropout(p=0.3, inplace=False)
      )
    )
    (11): Block(
      (norm1): LayerNorm((200,), eps=1e-06, elementwise_affine=True)
      (attn): Attention(
        (qkv): Linear(in_features=200, out_features=600, bias=False)
        (q_norm): LayerNorm((20,), eps=1e-06, elementwise_affine=True)
        (k_norm): LayerNorm((20,), eps=1e-06, elementwise_affine=True)
        (attn_drop): Dropout(p=0.0, inplace=False)
        (proj): Linear(in_features=200, out_features=200, bias=True)
        (proj_drop): Dropout(p=0.3, inplace=False)
      )
      (drop_path): DropPath(p=0.10000000149011612)
      (norm2): LayerNorm((200,), eps=1e-06, elementwise_affine=True)
      (mlp): Mlp(
        (fc1): Linear(in_features=200, out_features=800, bias=True)
        (act): GELU(approximate='none')
        (fc2): Linear(in_features=800, out_features=200, bias=True)
        (drop): Dropout(p=0.3, inplace=False)
      )
    )
  )
  (norm): Identity()
  (fc_norm): LayerNorm((200,), eps=1e-06, elementwise_affine=True)
  (head): Linear(in_features=200, out_features=1, bias=True)
  (mss_module): MSSEncoder(
    (patch_embedding): ModuleList(
      (0): PatchFrequencyEmbedding(
        (projection): Linear(in_features=51, out_features=200, bias=True)
      )
      (1): PatchFrequencyEmbedding(
        (projection): Linear(in_features=101, out_features=200, bias=True)
      )
      (2): PatchFrequencyEmbedding(
        (projection): Linear(in_features=201, out_features=200, bias=True)
      )
      (3): PatchFrequencyEmbedding(
        (projection): Linear(in_features=401, out_features=200, bias=True)
      )
    )
    (ts_embedding): ModuleList(
      (0): PatchWindowEmbedding(
        (projection): Linear(in_features=32, out_features=32, bias=True)
      )
      (1): PatchWindowEmbedding(
        (projection): Linear(in_features=16, out_features=32, bias=True)
      )
      (2): PatchWindowEmbedding(
        (projection): Linear(in_features=8, out_features=32, bias=True)
      )
      (3): PatchWindowEmbedding(
        (projection): Linear(in_features=4, out_features=32, bias=True)
      )
    )
    (transformer): LinearAttentionTransformer(
      (layers): SequentialSequence(
        (layers): ModuleList(
          (0-3): 4 x ModuleList(
            (0): PreNorm(
              (fn): SelfAttention(
                (local_attn): LocalAttention(
                  (dropout): Dropout(p=0.2, inplace=False)
                )
                (to_q): Linear(in_features=200, out_features=200, bias=False)
                (to_k): Linear(in_features=200, out_features=200, bias=False)
                (to_v): Linear(in_features=200, out_features=200, bias=False)
                (to_out): Linear(in_features=200, out_features=200, bias=True)
                (dropout): Dropout(p=0.2, inplace=False)
              )
              (norm): LayerNorm((200,), eps=1e-05, elementwise_affine=True)
            )
            (1): PreNorm(
              (fn): Chunk(
                (fn): FeedForward(
                  (w1): Linear(in_features=200, out_features=800, bias=True)
                  (act): GELU(approximate='none')
                  (dropout): Dropout(p=0.0, inplace=False)
                  (w2): Linear(in_features=800, out_features=200, bias=True)
                )
              )
              (norm): LayerNorm((200,), eps=1e-05, elementwise_affine=True)
            )
          )
        )
      )
    )
    (positional_encoding): PositionalEncoding(
      (dropout): Dropout(p=0.1, inplace=False)
    )
    (channel_tokens): Embedding(63, 200)
  )
)
number of params: 7914385
LR = 0.00010000
Batch size = 16
Update frequent = 2
Number of training examples = 2067
Number of training training per epoch = 129
Assigned values = [0.003697205891018715, 0.005688009063105715, 0.008750783174008792, 0.013462743344628911, 0.02071191283789063, 0.03186448128906251, 0.049022278906250015, 0.07541889062500001, 0.11602906250000002, 0.17850625000000003, 0.274625, 0.42250000000000004, 0.65, 1.0]
Skip weight decay name marked in model: {'time_embed', 'cls_token', 'pos_embed'}
Param groups = {
  "layer_0_no_decay": {
    "weight_decay": 0.0,
    "params": [
      "cls_token",
      "pos_embed",
      "patch_embed.conv1.bias",
      "patch_embed.norm1.weight",
      "patch_embed.norm1.bias",
      "patch_embed.conv2.bias",
      "patch_embed.norm2.weight",
      "patch_embed.norm2.bias",
      "patch_embed.conv3.bias",
      "patch_embed.norm3.weight",
      "patch_embed.norm3.bias"
    ],
    "lr_scale": 0.003697205891018715
  },
  "layer_13_no_decay": {
    "weight_decay": 0.0,
    "params": [
      "time_embed",
      "fc_norm.weight",
      "fc_norm.bias",
      "head.bias",
      "mss_module.patch_embedding.0.projection.bias",
      "mss_module.patch_embedding.1.projection.bias",
      "mss_module.patch_embedding.2.projection.bias",
      "mss_module.patch_embedding.3.projection.bias",
      "mss_module.ts_embedding.0.projection.bias",
      "mss_module.ts_embedding.1.projection.bias",
      "mss_module.ts_embedding.2.projection.bias",
      "mss_module.ts_embedding.3.projection.bias",
      "mss_module.transformer.layers.layers.0.0.fn.to_out.bias",
      "mss_module.transformer.layers.layers.0.0.norm.weight",
      "mss_module.transformer.layers.layers.0.0.norm.bias",
      "mss_module.transformer.layers.layers.0.1.fn.fn.w1.bias",
      "mss_module.transformer.layers.layers.0.1.fn.fn.w2.bias",
      "mss_module.transformer.layers.layers.0.1.norm.weight",
      "mss_module.transformer.layers.layers.0.1.norm.bias",
      "mss_module.transformer.layers.layers.1.0.fn.to_out.bias",
      "mss_module.transformer.layers.layers.1.0.norm.weight",
      "mss_module.transformer.layers.layers.1.0.norm.bias",
      "mss_module.transformer.layers.layers.1.1.fn.fn.w1.bias",
      "mss_module.transformer.layers.layers.1.1.fn.fn.w2.bias",
      "mss_module.transformer.layers.layers.1.1.norm.weight",
      "mss_module.transformer.layers.layers.1.1.norm.bias",
      "mss_module.transformer.layers.layers.2.0.fn.to_out.bias",
      "mss_module.transformer.layers.layers.2.0.norm.weight",
      "mss_module.transformer.layers.layers.2.0.norm.bias",
      "mss_module.transformer.layers.layers.2.1.fn.fn.w1.bias",
      "mss_module.transformer.layers.layers.2.1.fn.fn.w2.bias",
      "mss_module.transformer.layers.layers.2.1.norm.weight",
      "mss_module.transformer.layers.layers.2.1.norm.bias",
      "mss_module.transformer.layers.layers.3.0.fn.to_out.bias",
      "mss_module.transformer.layers.layers.3.0.norm.weight",
      "mss_module.transformer.layers.layers.3.0.norm.bias",
      "mss_module.transformer.layers.layers.3.1.fn.fn.w1.bias",
      "mss_module.transformer.layers.layers.3.1.fn.fn.w2.bias",
      "mss_module.transformer.layers.layers.3.1.norm.weight",
      "mss_module.transformer.layers.layers.3.1.norm.bias"
    ],
    "lr_scale": 1.0
  },
  "layer_0_decay": {
    "weight_decay": 0.01,
    "params": [
      "patch_embed.conv1.weight",
      "patch_embed.conv2.weight",
      "patch_embed.conv3.weight"
    ],
    "lr_scale": 0.003697205891018715
  },
  "layer_1_no_decay": {
    "weight_decay": 0.0,
    "params": [
      "blocks.0.gamma_1",
      "blocks.0.gamma_2",
      "blocks.0.norm1.weight",
      "blocks.0.norm1.bias",
      "blocks.0.attn.q_norm.weight",
      "blocks.0.attn.q_norm.bias",
      "blocks.0.attn.k_norm.weight",
      "blocks.0.attn.k_norm.bias",
      "blocks.0.attn.proj.bias",
      "blocks.0.norm2.weight",
      "blocks.0.norm2.bias",
      "blocks.0.mlp.fc1.bias",
      "blocks.0.mlp.fc2.bias"
    ],
    "lr_scale": 0.005688009063105715
  },
  "layer_1_decay": {
    "weight_decay": 0.01,
    "params": [
      "blocks.0.attn.qkv.weight",
      "blocks.0.attn.proj.weight",
      "blocks.0.mlp.fc1.weight",
      "blocks.0.mlp.fc2.weight"
    ],
    "lr_scale": 0.005688009063105715
  },
  "layer_2_no_decay": {
    "weight_decay": 0.0,
    "params": [
      "blocks.1.gamma_1",
      "blocks.1.gamma_2",
      "blocks.1.norm1.weight",
      "blocks.1.norm1.bias",
      "blocks.1.attn.q_norm.weight",
      "blocks.1.attn.q_norm.bias",
      "blocks.1.attn.k_norm.weight",
      "blocks.1.attn.k_norm.bias",
      "blocks.1.attn.proj.bias",
      "blocks.1.norm2.weight",
      "blocks.1.norm2.bias",
      "blocks.1.mlp.fc1.bias",
      "blocks.1.mlp.fc2.bias"
    ],
    "lr_scale": 0.008750783174008792
  },
  "layer_2_decay": {
    "weight_decay": 0.01,
    "params": [
      "blocks.1.attn.qkv.weight",
      "blocks.1.attn.proj.weight",
      "blocks.1.mlp.fc1.weight",
      "blocks.1.mlp.fc2.weight"
    ],
    "lr_scale": 0.008750783174008792
  },
  "layer_3_no_decay": {
    "weight_decay": 0.0,
    "params": [
      "blocks.2.gamma_1",
      "blocks.2.gamma_2",
      "blocks.2.norm1.weight",
      "blocks.2.norm1.bias",
      "blocks.2.attn.q_norm.weight",
      "blocks.2.attn.q_norm.bias",
      "blocks.2.attn.k_norm.weight",
      "blocks.2.attn.k_norm.bias",
      "blocks.2.attn.proj.bias",
      "blocks.2.norm2.weight",
      "blocks.2.norm2.bias",
      "blocks.2.mlp.fc1.bias",
      "blocks.2.mlp.fc2.bias"
    ],
    "lr_scale": 0.013462743344628911
  },
  "layer_3_decay": {
    "weight_decay": 0.01,
    "params": [
      "blocks.2.attn.qkv.weight",
      "blocks.2.attn.proj.weight",
      "blocks.2.mlp.fc1.weight",
      "blocks.2.mlp.fc2.weight"
    ],
    "lr_scale": 0.013462743344628911
  },
  "layer_4_no_decay": {
    "weight_decay": 0.0,
    "params": [
      "blocks.3.gamma_1",
      "blocks.3.gamma_2",
      "blocks.3.norm1.weight",
      "blocks.3.norm1.bias",
      "blocks.3.attn.q_norm.weight",
      "blocks.3.attn.q_norm.bias",
      "blocks.3.attn.k_norm.weight",
      "blocks.3.attn.k_norm.bias",
      "blocks.3.attn.proj.bias",
      "blocks.3.norm2.weight",
      "blocks.3.norm2.bias",
      "blocks.3.mlp.fc1.bias",
      "blocks.3.mlp.fc2.bias"
    ],
    "lr_scale": 0.02071191283789063
  },
  "layer_4_decay": {
    "weight_decay": 0.01,
    "params": [
      "blocks.3.attn.qkv.weight",
      "blocks.3.attn.proj.weight",
      "blocks.3.mlp.fc1.weight",
      "blocks.3.mlp.fc2.weight"
    ],
    "lr_scale": 0.02071191283789063
  },
  "layer_5_no_decay": {
    "weight_decay": 0.0,
    "params": [
      "blocks.4.gamma_1",
      "blocks.4.gamma_2",
      "blocks.4.norm1.weight",
      "blocks.4.norm1.bias",
      "blocks.4.attn.q_norm.weight",
      "blocks.4.attn.q_norm.bias",
      "blocks.4.attn.k_norm.weight",
      "blocks.4.attn.k_norm.bias",
      "blocks.4.attn.proj.bias",
      "blocks.4.norm2.weight",
      "blocks.4.norm2.bias",
      "blocks.4.mlp.fc1.bias",
      "blocks.4.mlp.fc2.bias"
    ],
    "lr_scale": 0.03186448128906251
  },
  "layer_5_decay": {
    "weight_decay": 0.01,
    "params": [
      "blocks.4.attn.qkv.weight",
      "blocks.4.attn.proj.weight",
      "blocks.4.mlp.fc1.weight",
      "blocks.4.mlp.fc2.weight"
    ],
    "lr_scale": 0.03186448128906251
  },
  "layer_6_no_decay": {
    "weight_decay": 0.0,
    "params": [
      "blocks.5.gamma_1",
      "blocks.5.gamma_2",
      "blocks.5.norm1.weight",
      "blocks.5.norm1.bias",
      "blocks.5.attn.q_norm.weight",
      "blocks.5.attn.q_norm.bias",
      "blocks.5.attn.k_norm.weight",
      "blocks.5.attn.k_norm.bias",
      "blocks.5.attn.proj.bias",
      "blocks.5.norm2.weight",
      "blocks.5.norm2.bias",
      "blocks.5.mlp.fc1.bias",
      "blocks.5.mlp.fc2.bias"
    ],
    "lr_scale": 0.049022278906250015
  },
  "layer_6_decay": {
    "weight_decay": 0.01,
    "params": [
      "blocks.5.attn.qkv.weight",
      "blocks.5.attn.proj.weight",
      "blocks.5.mlp.fc1.weight",
      "blocks.5.mlp.fc2.weight"
    ],
    "lr_scale": 0.049022278906250015
  },
  "layer_7_no_decay": {
    "weight_decay": 0.0,
    "params": [
      "blocks.6.gamma_1",
      "blocks.6.gamma_2",
      "blocks.6.norm1.weight",
      "blocks.6.norm1.bias",
      "blocks.6.attn.q_norm.weight",
      "blocks.6.attn.q_norm.bias",
      "blocks.6.attn.k_norm.weight",
      "blocks.6.attn.k_norm.bias",
      "blocks.6.attn.proj.bias",
      "blocks.6.norm2.weight",
      "blocks.6.norm2.bias",
      "blocks.6.mlp.fc1.bias",
      "blocks.6.mlp.fc2.bias"
    ],
    "lr_scale": 0.07541889062500001
  },
  "layer_7_decay": {
    "weight_decay": 0.01,
    "params": [
      "blocks.6.attn.qkv.weight",
      "blocks.6.attn.proj.weight",
      "blocks.6.mlp.fc1.weight",
      "blocks.6.mlp.fc2.weight"
    ],
    "lr_scale": 0.07541889062500001
  },
  "layer_8_no_decay": {
    "weight_decay": 0.0,
    "params": [
      "blocks.7.gamma_1",
      "blocks.7.gamma_2",
      "blocks.7.norm1.weight",
      "blocks.7.norm1.bias",
      "blocks.7.attn.q_norm.weight",
      "blocks.7.attn.q_norm.bias",
      "blocks.7.attn.k_norm.weight",
      "blocks.7.attn.k_norm.bias",
      "blocks.7.attn.proj.bias",
      "blocks.7.norm2.weight",
      "blocks.7.norm2.bias",
      "blocks.7.mlp.fc1.bias",
      "blocks.7.mlp.fc2.bias"
    ],
    "lr_scale": 0.11602906250000002
  },
  "layer_8_decay": {
    "weight_decay": 0.01,
    "params": [
      "blocks.7.attn.qkv.weight",
      "blocks.7.attn.proj.weight",
      "blocks.7.mlp.fc1.weight",
      "blocks.7.mlp.fc2.weight"
    ],
    "lr_scale": 0.11602906250000002
  },
  "layer_9_no_decay": {
    "weight_decay": 0.0,
    "params": [
      "blocks.8.gamma_1",
      "blocks.8.gamma_2",
      "blocks.8.norm1.weight",
      "blocks.8.norm1.bias",
      "blocks.8.attn.q_norm.weight",
      "blocks.8.attn.q_norm.bias",
      "blocks.8.attn.k_norm.weight",
      "blocks.8.attn.k_norm.bias",
      "blocks.8.attn.proj.bias",
      "blocks.8.norm2.weight",
      "blocks.8.norm2.bias",
      "blocks.8.mlp.fc1.bias",
      "blocks.8.mlp.fc2.bias"
    ],
    "lr_scale": 0.17850625000000003
  },
  "layer_9_decay": {
    "weight_decay": 0.01,
    "params": [
      "blocks.8.attn.qkv.weight",
      "blocks.8.attn.proj.weight",
      "blocks.8.mlp.fc1.weight",
      "blocks.8.mlp.fc2.weight"
    ],
    "lr_scale": 0.17850625000000003
  },
  "layer_10_no_decay": {
    "weight_decay": 0.0,
    "params": [
      "blocks.9.gamma_1",
      "blocks.9.gamma_2",
      "blocks.9.norm1.weight",
      "blocks.9.norm1.bias",
      "blocks.9.attn.q_norm.weight",
      "blocks.9.attn.q_norm.bias",
      "blocks.9.attn.k_norm.weight",
      "blocks.9.attn.k_norm.bias",
      "blocks.9.attn.proj.bias",
      "blocks.9.norm2.weight",
      "blocks.9.norm2.bias",
      "blocks.9.mlp.fc1.bias",
      "blocks.9.mlp.fc2.bias"
    ],
    "lr_scale": 0.274625
  },
  "layer_10_decay": {
    "weight_decay": 0.01,
    "params": [
      "blocks.9.attn.qkv.weight",
      "blocks.9.attn.proj.weight",
      "blocks.9.mlp.fc1.weight",
      "blocks.9.mlp.fc2.weight"
    ],
    "lr_scale": 0.274625
  },
  "layer_11_no_decay": {
    "weight_decay": 0.0,
    "params": [
      "blocks.10.gamma_1",
      "blocks.10.gamma_2",
      "blocks.10.norm1.weight",
      "blocks.10.norm1.bias",
      "blocks.10.attn.q_norm.weight",
      "blocks.10.attn.q_norm.bias",
      "blocks.10.attn.k_norm.weight",
      "blocks.10.attn.k_norm.bias",
      "blocks.10.attn.proj.bias",
      "blocks.10.norm2.weight",
      "blocks.10.norm2.bias",
      "blocks.10.mlp.fc1.bias",
      "blocks.10.mlp.fc2.bias"
    ],
    "lr_scale": 0.42250000000000004
  },
  "layer_11_decay": {
    "weight_decay": 0.01,
    "params": [
      "blocks.10.attn.qkv.weight",
      "blocks.10.attn.proj.weight",
      "blocks.10.mlp.fc1.weight",
      "blocks.10.mlp.fc2.weight"
    ],
    "lr_scale": 0.42250000000000004
  },
  "layer_12_no_decay": {
    "weight_decay": 0.0,
    "params": [
      "blocks.11.gamma_1",
      "blocks.11.gamma_2",
      "blocks.11.norm1.weight",
      "blocks.11.norm1.bias",
      "blocks.11.attn.q_norm.weight",
      "blocks.11.attn.q_norm.bias",
      "blocks.11.attn.k_norm.weight",
      "blocks.11.attn.k_norm.bias",
      "blocks.11.attn.proj.bias",
      "blocks.11.norm2.weight",
      "blocks.11.norm2.bias",
      "blocks.11.mlp.fc1.bias",
      "blocks.11.mlp.fc2.bias"
    ],
    "lr_scale": 0.65
  },
  "layer_12_decay": {
    "weight_decay": 0.01,
    "params": [
      "blocks.11.attn.qkv.weight",
      "blocks.11.attn.proj.weight",
      "blocks.11.mlp.fc1.weight",
      "blocks.11.mlp.fc2.weight"
    ],
    "lr_scale": 0.65
  },
  "layer_13_decay": {
    "weight_decay": 0.01,
    "params": [
      "head.weight",
      "mss_module.patch_embedding.0.projection.weight",
      "mss_module.patch_embedding.1.projection.weight",
      "mss_module.patch_embedding.2.projection.weight",
      "mss_module.patch_embedding.3.projection.weight",
      "mss_module.ts_embedding.0.projection.weight",
      "mss_module.ts_embedding.1.projection.weight",
      "mss_module.ts_embedding.2.projection.weight",
      "mss_module.ts_embedding.3.projection.weight",
      "mss_module.transformer.layers.layers.0.0.fn.to_q.weight",
      "mss_module.transformer.layers.layers.0.0.fn.to_k.weight",
      "mss_module.transformer.layers.layers.0.0.fn.to_v.weight",
      "mss_module.transformer.layers.layers.0.0.fn.to_out.weight",
      "mss_module.transformer.layers.layers.0.1.fn.fn.w1.weight",
      "mss_module.transformer.layers.layers.0.1.fn.fn.w2.weight",
      "mss_module.transformer.layers.layers.1.0.fn.to_q.weight",
      "mss_module.transformer.layers.layers.1.0.fn.to_k.weight",
      "mss_module.transformer.layers.layers.1.0.fn.to_v.weight",
      "mss_module.transformer.layers.layers.1.0.fn.to_out.weight",
      "mss_module.transformer.layers.layers.1.1.fn.fn.w1.weight",
      "mss_module.transformer.layers.layers.1.1.fn.fn.w2.weight",
      "mss_module.transformer.layers.layers.2.0.fn.to_q.weight",
      "mss_module.transformer.layers.layers.2.0.fn.to_k.weight",
      "mss_module.transformer.layers.layers.2.0.fn.to_v.weight",
      "mss_module.transformer.layers.layers.2.0.fn.to_out.weight",
      "mss_module.transformer.layers.layers.2.1.fn.fn.w1.weight",
      "mss_module.transformer.layers.layers.2.1.fn.fn.w2.weight",
      "mss_module.transformer.layers.layers.3.0.fn.to_q.weight",
      "mss_module.transformer.layers.layers.3.0.fn.to_k.weight",
      "mss_module.transformer.layers.layers.3.0.fn.to_v.weight",
      "mss_module.transformer.layers.layers.3.0.fn.to_out.weight",
      "mss_module.transformer.layers.layers.3.1.fn.fn.w1.weight",
      "mss_module.transformer.layers.layers.3.1.fn.fn.w2.weight",
      "mss_module.channel_tokens.weight"
    ],
    "lr_scale": 1.0
  }
}
Optimizer config: {'lr': 0.0001, 'weight_decay': 0.0, 'eps': 1e-08}
Use step level LR scheduler!
Set warmup steps = 645
Set warmup steps = 0
Max WD = 0.0100000, Min WD = 0.0100000
criterion = MSELoss()
Start training for 20 epochs
Epoch: [0]  [  0/258]  eta: 0:36:35  lr: 0.000000  min_lr: 0.000000  loss: 1.3074 (1.3074)  corr: 0.8149 (0.8149)  loss_scale: 65536.0000 (65536.0000)  weight_decay: 0.0100 (0.0100)  time: 8.5087  data: 0.1631  max mem: 6443
Epoch: [0]  [ 10/258]  eta: 0:04:41  lr: 0.000001  min_lr: 0.000000  loss: 0.9431 (1.0517)  corr: 0.0397 (0.0720)  loss_scale: 65536.0000 (65536.0000)  weight_decay: 0.0100 (0.0100)  grad_norm: 4.0109 (5.2483)  time: 1.1350  data: 0.0150  max mem: 6539
Epoch: [0]  [ 20/258]  eta: 0:02:56  lr: 0.000002  min_lr: 0.000000  loss: 0.8813 (1.3349)  corr: -0.0519 (0.0097)  loss_scale: 65536.0000 (65536.0000)  weight_decay: 0.0100 (0.0100)  grad_norm: 4.0723 (5.8171)  time: 0.3527  data: 0.0001  max mem: 6539
Epoch: [0]  [ 30/258]  eta: 0:02:17  lr: 0.000002  min_lr: 0.000000  loss: 1.1026 (1.3676)  corr: -0.2394 (-0.0453)  loss_scale: 65536.0000 (65536.0000)  weight_decay: 0.0100 (0.0100)  grad_norm: 5.4958 (6.1111)  time: 0.3081  data: 0.0001  max mem: 6539
Epoch: [0]  [ 40/258]  eta: 0:01:55  lr: 0.000003  min_lr: 0.000000  loss: 1.1733 (1.3450)  corr: -0.1792 (-0.0657)  loss_scale: 65536.0000 (65536.0000)  weight_decay: 0.0100 (0.0100)  grad_norm: 5.4958 (6.5035)  time: 0.3098  data: 0.0001  max mem: 6539
Epoch: [0]  [ 50/258]  eta: 0:01:41  lr: 0.000004  min_lr: 0.000000  loss: 0.9440 (1.2803)  corr: -0.1362 (-0.1038)  loss_scale: 65536.0000 (65536.0000)  weight_decay: 0.0100 (0.0100)  grad_norm: 5.7060 (6.7983)  time: 0.3153  data: 0.0001  max mem: 6539
Epoch: [0]  [ 60/258]  eta: 0:01:31  lr: 0.000005  min_lr: 0.000000  loss: 0.9848 (1.2565)  corr: -0.1143 (-0.0786)  loss_scale: 65536.0000 (65536.0000)  weight_decay: 0.0100 (0.0100)  grad_norm: 5.7060 (6.6715)  time: 0.3185  data: 0.0001  max mem: 6539
Epoch: [0]  [ 70/258]  eta: 0:01:22  lr: 0.000005  min_lr: 0.000000  loss: 0.8056 (1.2335)  corr: -0.1431 (-0.0730)  loss_scale: 65536.0000 (65536.0000)  weight_decay: 0.0100 (0.0100)  grad_norm: 5.4204 (6.5590)  time: 0.3183  data: 0.0001  max mem: 6539
Epoch: [0]  [ 80/258]  eta: 0:01:15  lr: 0.000006  min_lr: 0.000000  loss: 0.8056 (1.2252)  corr: -0.1857 (-0.0760)  loss_scale: 65536.0000 (65536.0000)  weight_decay: 0.0100 (0.0100)  grad_norm: 4.6838 (6.3396)  time: 0.3206  data: 0.0001  max mem: 6539
Epoch: [0]  [ 90/258]  eta: 0:01:09  lr: 0.000007  min_lr: 0.000000  loss: 0.7141 (1.1762)  corr: -0.0134 (-0.0506)  loss_scale: 65536.0000 (65536.0000)  weight_decay: 0.0100 (0.0100)  grad_norm: 5.0136 (6.6647)  time: 0.3196  data: 0.0001  max mem: 6539
Epoch: [0]  [100/258]  eta: 0:01:03  lr: 0.000008  min_lr: 0.000000  loss: 0.4801 (1.1228)  corr: 0.0345 (-0.0411)  loss_scale: 65536.0000 (65536.0000)  weight_decay: 0.0100 (0.0100)  grad_norm: 5.2608 (6.5546)  time: 0.3182  data: 0.0002  max mem: 6539
Epoch: [0]  [110/258]  eta: 0:00:58  lr: 0.000009  min_lr: 0.000000  loss: 0.4767 (1.1018)  corr: -0.0809 (-0.0429)  loss_scale: 65536.0000 (65536.0000)  weight_decay: 0.0100 (0.0100)  grad_norm: 5.2608 (6.3564)  time: 0.3209  data: 0.0001  max mem: 6539
Epoch: [0]  [120/258]  eta: 0:00:53  lr: 0.000009  min_lr: 0.000000  loss: 0.7419 (1.0865)  corr: -0.1852 (-0.0482)  loss_scale: 65536.0000 (65536.0000)  weight_decay: 0.0100 (0.0100)  grad_norm: 5.2660 (6.3277)  time: 0.3182  data: 0.0001  max mem: 6539
Epoch: [0]  [130/258]  eta: 0:00:49  lr: 0.000010  min_lr: 0.000000  loss: 0.7884 (1.0971)  corr: -0.1661 (-0.0545)  loss_scale: 65536.0000 (65536.0000)  weight_decay: 0.0100 (0.0100)  grad_norm: 5.2608 (6.4857)  time: 0.3163  data: 0.0001  max mem: 6539
Epoch: [0]  [140/258]  eta: 0:00:44  lr: 0.000011  min_lr: 0.000000  loss: 0.7884 (1.0737)  corr: 0.0308 (-0.0286)  loss_scale: 65536.0000 (65536.0000)  weight_decay: 0.0100 (0.0100)  grad_norm: 5.0476 (6.4151)  time: 0.3212  data: 0.0001  max mem: 6539
Epoch: [0]  [150/258]  eta: 0:00:40  lr: 0.000012  min_lr: 0.000000  loss: 0.8739 (1.0745)  corr: 0.0446 (-0.0284)  loss_scale: 65536.0000 (65536.0000)  weight_decay: 0.0100 (0.0100)  grad_norm: 5.6669 (6.6489)  time: 0.3204  data: 0.0001  max mem: 6539
Epoch: [0]  [160/258]  eta: 0:00:36  lr: 0.000012  min_lr: 0.000000  loss: 0.8127 (1.0704)  corr: -0.1406 (-0.0300)  loss_scale: 65536.0000 (65536.0000)  weight_decay: 0.0100 (0.0100)  grad_norm: 5.8685 (6.7356)  time: 0.3191  data: 0.0001  max mem: 6539
Epoch: [0]  [170/258]  eta: 0:00:32  lr: 0.000013  min_lr: 0.000000  loss: 0.6577 (1.0434)  corr: -0.1593 (-0.0270)  loss_scale: 65536.0000 (65536.0000)  weight_decay: 0.0100 (0.0100)  grad_norm: 5.8685 (6.7196)  time: 0.3215  data: 0.0001  max mem: 6539
Epoch: [0]  [180/258]  eta: 0:00:28  lr: 0.000014  min_lr: 0.000000  loss: 0.6651 (1.0440)  corr: -0.0925 (-0.0274)  loss_scale: 65536.0000 (65536.0000)  weight_decay: 0.0100 (0.0100)  grad_norm: 8.8287 (6.8359)  time: 0.3175  data: 0.0001  max mem: 6539
Epoch: [0]  [190/258]  eta: 0:00:24  lr: 0.000015  min_lr: 0.000000  loss: 0.7413 (1.0309)  corr: -0.1592 (-0.0312)  loss_scale: 65536.0000 (65536.0000)  weight_decay: 0.0100 (0.0100)  grad_norm: 7.8643 (6.7832)  time: 0.3176  data: 0.0001  max mem: 6539
Epoch: [0]  [200/258]  eta: 0:00:21  lr: 0.000016  min_lr: 0.000000  loss: 0.6916 (1.0354)  corr: -0.1271 (-0.0308)  loss_scale: 65536.0000 (65536.0000)  weight_decay: 0.0100 (0.0100)  grad_norm: 5.7876 (6.8174)  time: 0.3205  data: 0.0001  max mem: 6539
Epoch: [0]  [210/258]  eta: 0:00:17  lr: 0.000016  min_lr: 0.000000  loss: 0.6916 (1.0258)  corr: -0.1151 (-0.0327)  loss_scale: 65536.0000 (65536.0000)  weight_decay: 0.0100 (0.0100)  grad_norm: 5.3350 (6.7085)  time: 0.3166  data: 0.0001  max mem: 6539
Epoch: [0]  [220/258]  eta: 0:00:13  lr: 0.000017  min_lr: 0.000000  loss: 0.7671 (1.0279)  corr: -0.0993 (-0.0242)  loss_scale: 65536.0000 (65536.0000)  weight_decay: 0.0100 (0.0100)  grad_norm: 5.0555 (6.6720)  time: 0.3192  data: 0.0001  max mem: 6539
Epoch: [0]  [230/258]  eta: 0:00:09  lr: 0.000018  min_lr: 0.000000  loss: 0.7986 (1.0180)  corr: -0.0079 (-0.0268)  loss_scale: 65536.0000 (65536.0000)  weight_decay: 0.0100 (0.0100)  grad_norm: 5.0555 (6.6179)  time: 0.3208  data: 0.0001  max mem: 6539
Epoch: [0]  [240/258]  eta: 0:00:06  lr: 0.000019  min_lr: 0.000000  loss: 0.9560 (1.0194)  corr: -0.0071 (-0.0171)  loss_scale: 65536.0000 (65536.0000)  weight_decay: 0.0100 (0.0100)  grad_norm: 5.0555 (6.5973)  time: 0.3166  data: 0.0001  max mem: 6539
Epoch: [0]  [250/258]  eta: 0:00:02  lr: 0.000019  min_lr: 0.000000  loss: 0.8299 (1.0050)  corr: -0.0738 (-0.0236)  loss_scale: 65536.0000 (65536.0000)  weight_decay: 0.0100 (0.0100)  grad_norm: 5.4283 (6.6339)  time: 0.3199  data: 0.0001  max mem: 6539
Epoch: [0]  [257/258]  eta: 0:00:00  lr: 0.000020  min_lr: 0.000000  loss: 0.6570 (1.0010)  corr: -0.1235 (-0.0244)  loss_scale: 65536.0000 (65536.0000)  weight_decay: 0.0100 (0.0100)  grad_norm: 5.4283 (6.5750)  time: 0.3209  data: 0.0001  max mem: 6539
Epoch: [0] Total time: 0:01:31 (0.3531 s / it)
Averaged stats: lr: 0.000020  min_lr: 0.000000  loss: 0.6570 (1.0010)  corr: -0.1235 (-0.0244)  loss_scale: 65536.0000 (65536.0000)  weight_decay: 0.0100 (0.0100)  grad_norm: 5.4283 (6.5750)
Val:  [0/1]  eta: 0:00:03  loss: 1.3154 (1.3154)  mse: 1.3154 (1.3154)  corr: 0.0091 (0.0091)  time: 3.1960  data: 0.3711  max mem: 21116
Val: Total time: 0:00:03 (3.2212 s / it)
* loss 1.315
Correlation of the network on the 246 val EEG: 0.01
Test:  [0/1]  eta: 0:00:03  loss: 1.2167 (1.2167)  mse: 1.2167 (1.2167)  corr: 0.2838 (0.2838)  time: 3.2360  data: 0.2304  max mem: 21208
Test: Total time: 0:00:03 (3.2597 s / it)
* loss 1.217
Correlation of the network on the 247 test EEG: 0.28
