                       using device: cuda
Algermissen subjects to train: ['sub-001', 'sub-002', 'sub-003', 'sub-005', 'sub-006', 'sub-007', 'sub-008', 'sub-009', 'sub-010', 'sub-011', 'sub-012', 'sub-013', 'sub-014', 'sub-016', 'sub-017', 'sub-018', 'sub-019', 'sub-020', 'sub-021', 'sub-022', 'sub-023', 'sub-024', 'sub-026', 'sub-027', 'sub-028', 'sub-029', 'sub-030', 'sub-031', 'sub-032', 'sub-033', 'sub-034', 'sub-035']

============================================================
Starting NeuroBOLT training for sub-001
============================================================

Not using distributed mode
  sub-001: built 2584 EEG->VS epochs (EEG 63ch x 3200 samp @ 200Hz)
  split sizes — train 2067, val 246, test 247

Dataset shapes:
Train dataset - EEG: torch.Size([2067, 63, 3200]), fMRI: torch.Size([2067])
Test dataset  - EEG: torch.Size([247, 63, 3200]), fMRI: torch.Size([247])
Val dataset   - EEG: torch.Size([246, 63, 3200]), fMRI: torch.Size([246])
Sampler_train = <torch.utils.data.distributed.DistributedSampler object at 0x7fa3c926c0a0>
Patch size = 200
Load ckpt from /data/p_03183/personal_workspaces/sheker/NeuroBOLT/checkpoints/labram-base.pth
Load state_dict by model_key = model
Weights of NeuroBOLTransformer not initialized from pretrained model: ['fc_norm.weight', 'fc_norm.bias', 'head.weight', 'head.bias', 'mss_module.index', 'mss_module.patch_embedding.0.projection.weight', 'mss_module.patch_embedding.0.projection.bias', 'mss_module.patch_embedding.1.projection.weight', 'mss_module.patch_embedding.1.projection.bias', 'mss_module.patch_embedding.2.projection.weight', 'mss_module.patch_embedding.2.projection.bias', 'mss_module.patch_embedding.3.projection.weight', 'mss_module.patch_embedding.3.projection.bias', 'mss_module.ts_embedding.0.projection.weight', 'mss_module.ts_embedding.0.projection.bias', 'mss_module.ts_embedding.1.projection.weight', 'mss_module.ts_embedding.1.projection.bias', 'mss_module.ts_embedding.2.projection.weight', 'mss_module.ts_embedding.2.projection.bias', 'mss_module.ts_embedding.3.projection.weight', 'mss_module.ts_embedding.3.projection.bias', 'mss_module.transformer.layers.layers.0.0.fn.to_q.weight', 'mss_module.transformer.layers.layers.0.0.fn.to_k.weight', 'mss_module.transformer.layers.layers.0.0.fn.to_v.weight', 'mss_module.transformer.layers.layers.0.0.fn.to_out.weight', 'mss_module.transformer.layers.layers.0.0.fn.to_out.bias', 'mss_module.transformer.layers.layers.0.0.norm.weight', 'mss_module.transformer.layers.layers.0.0.norm.bias', 'mss_module.transformer.layers.layers.0.1.fn.fn.w1.weight', 'mss_module.transformer.layers.layers.0.1.fn.fn.w1.bias', 'mss_module.transformer.layers.layers.0.1.fn.fn.w2.weight', 'mss_module.transformer.layers.layers.0.1.fn.fn.w2.bias', 'mss_module.transformer.layers.layers.0.1.norm.weight', 'mss_module.transformer.layers.layers.0.1.norm.bias', 'mss_module.transformer.layers.layers.1.0.fn.to_q.weight', 'mss_module.transformer.layers.layers.1.0.fn.to_k.weight', 'mss_module.transformer.layers.layers.1.0.fn.to_v.weight', 'mss_module.transformer.layers.layers.1.0.fn.to_out.weight', 'mss_module.transformer.layers.layers.1.0.fn.to_out.bias', 'mss_module.transformer.layers.layers.1.0.norm.weight', 'mss_module.transformer.layers.layers.1.0.norm.bias', 'mss_module.transformer.layers.layers.1.1.fn.fn.w1.weight', 'mss_module.transformer.layers.layers.1.1.fn.fn.w1.bias', 'mss_module.transformer.layers.layers.1.1.fn.fn.w2.weight', 'mss_module.transformer.layers.layers.1.1.fn.fn.w2.bias', 'mss_module.transformer.layers.layers.1.1.norm.weight', 'mss_module.transformer.layers.layers.1.1.norm.bias', 'mss_module.transformer.layers.layers.2.0.fn.to_q.weight', 'mss_module.transformer.layers.layers.2.0.fn.to_k.weight', 'mss_module.transformer.layers.layers.2.0.fn.to_v.weight', 'mss_module.transformer.layers.layers.2.0.fn.to_out.weight', 'mss_module.transformer.layers.layers.2.0.fn.to_out.bias', 'mss_module.transformer.layers.layers.2.0.norm.weight', 'mss_module.transformer.layers.layers.2.0.norm.bias', 'mss_module.transformer.layers.layers.2.1.fn.fn.w1.weight', 'mss_module.transformer.layers.layers.2.1.fn.fn.w1.bias', 'mss_module.transformer.layers.layers.2.1.fn.fn.w2.weight', 'mss_module.transformer.layers.layers.2.1.fn.fn.w2.bias', 'mss_module.transformer.layers.layers.2.1.norm.weight', 'mss_module.transformer.layers.layers.2.1.norm.bias', 'mss_module.transformer.layers.layers.3.0.fn.to_q.weight', 'mss_module.transformer.layers.layers.3.0.fn.to_k.weight', 'mss_module.transformer.layers.layers.3.0.fn.to_v.weight', 'mss_module.transformer.layers.layers.3.0.fn.to_out.weight', 'mss_module.transformer.layers.layers.3.0.fn.to_out.bias', 'mss_module.transformer.layers.layers.3.0.norm.weight', 'mss_module.transformer.layers.layers.3.0.norm.bias', 'mss_module.transformer.layers.layers.3.1.fn.fn.w1.weight', 'mss_module.transformer.layers.layers.3.1.fn.fn.w1.bias', 'mss_module.transformer.layers.layers.3.1.fn.fn.w2.weight', 'mss_module.transformer.layers.layers.3.1.fn.fn.w2.bias', 'mss_module.transformer.layers.layers.3.1.norm.weight', 'mss_module.transformer.layers.layers.3.1.norm.bias', 'mss_module.positional_encoding.pe', 'mss_module.channel_tokens.weight']
Weights from pretrained model not used in NeuroBOLTransformer: ['mask_token', 'lm_head.weight', 'lm_head.bias', 'norm.weight', 'norm.bias']
Model = NeuroBOLTransformer(
  (patch_embed): TemporalConv(
    (conv1): Conv2d(1, 8, kernel_size=(1, 15), stride=(1, 8), padding=(0, 7))
    (gelu1): GELU(approximate='none')
    (norm1): GroupNorm(4, 8, eps=1e-05, affine=True)
    (conv2): Conv2d(8, 8, kernel_size=(1, 3), stride=(1, 1), padding=(0, 1))
    (gelu2): GELU(approximate='none')
    (norm2): GroupNorm(4, 8, eps=1e-05, affine=True)
    (conv3): Conv2d(8, 8, kernel_size=(1, 3), stride=(1, 1), padding=(0, 1))
    (norm3): GroupNorm(4, 8, eps=1e-05, affine=True)
    (gelu3): GELU(approximate='none')
  )
  (pos_drop): Dropout(p=0.3, inplace=False)
  (blocks): ModuleList(
    (0): Block(
      (norm1): LayerNorm((200,), eps=1e-06, elementwise_affine=True)
      (attn): Attention(
        (qkv): Linear(in_features=200, out_features=600, bias=False)
        (q_norm): LayerNorm((20,), eps=1e-06, elementwise_affine=True)
        (k_norm): LayerNorm((20,), eps=1e-06, elementwise_affine=True)
        (attn_drop): Dropout(p=0.0, inplace=False)
        (proj): Linear(in_features=200, out_features=200, bias=True)
        (proj_drop): Dropout(p=0.3, inplace=False)
      )
      (drop_path): Identity()
      (norm2): LayerNorm((200,), eps=1e-06, elementwise_affine=True)
      (mlp): Mlp(
        (fc1): Linear(in_features=200, out_features=800, bias=True)
        (act): GELU(approximate='none')
        (fc2): Linear(in_features=800, out_features=200, bias=True)
        (drop): Dropout(p=0.3, inplace=False)
      )
    )
    (1): Block(
      (norm1): LayerNorm((200,), eps=1e-06, elementwise_affine=True)
      (attn): Attention(
        (qkv): Linear(in_features=200, out_features=600, bias=False)
        (q_norm): LayerNorm((20,), eps=1e-06, elementwise_affine=True)
        (k_norm): LayerNorm((20,), eps=1e-06, elementwise_affine=True)
        (attn_drop): Dropout(p=0.0, inplace=False)
        (proj): Linear(in_features=200, out_features=200, bias=True)
        (proj_drop): Dropout(p=0.3, inplace=False)
      )
      (drop_path): DropPath(p=0.00909090880304575)
      (norm2): LayerNorm((200,), eps=1e-06, elementwise_affine=True)
      (mlp): Mlp(
        (fc1): Linear(in_features=200, out_features=800, bias=True)
        (act): GELU(approximate='none')
        (fc2): Linear(in_features=800, out_features=200, bias=True)
        (drop): Dropout(p=0.3, inplace=False)
      )
    )
    (2): Block(
      (norm1): LayerNorm((200,), eps=1e-06, elementwise_affine=True)
      (attn): Attention(
        (qkv): Linear(in_features=200, out_features=600, bias=False)
        (q_norm): LayerNorm((20,), eps=1e-06, elementwise_affine=True)
        (k_norm): LayerNorm((20,), eps=1e-06, elementwise_affine=True)
        (attn_drop): Dropout(p=0.0, inplace=False)
        (proj): Linear(in_features=200, out_features=200, bias=True)
        (proj_drop): Dropout(p=0.3, inplace=False)
      )
      (drop_path): DropPath(p=0.0181818176060915)
      (norm2): LayerNorm((200,), eps=1e-06, elementwise_affine=True)
      (mlp): Mlp(
        (fc1): Linear(in_features=200, out_features=800, bias=True)
        (act): GELU(approximate='none')
        (fc2): Linear(in_features=800, out_features=200, bias=True)
        (drop): Dropout(p=0.3, inplace=False)
      )
    )
    (3): Block(
      (norm1): LayerNorm((200,), eps=1e-06, elementwise_affine=True)
      (attn): Attention(
        (qkv): Linear(in_features=200, out_features=600, bias=False)
        (q_norm): LayerNorm((20,), eps=1e-06, elementwise_affine=True)
        (k_norm): LayerNorm((20,), eps=1e-06, elementwise_affine=True)
        (attn_drop): Dropout(p=0.0, inplace=False)
        (proj): Linear(in_features=200, out_features=200, bias=True)
        (proj_drop): Dropout(p=0.3, inplace=False)
      )
      (drop_path): DropPath(p=0.027272727340459824)
      (norm2): LayerNorm((200,), eps=1e-06, elementwise_affine=True)
      (mlp): Mlp(
        (fc1): Linear(in_features=200, out_features=800, bias=True)
        (act): GELU(approximate='none')
        (fc2): Linear(in_features=800, out_features=200, bias=True)
        (drop): Dropout(p=0.3, inplace=False)
      )
    )
    (4): Block(
      (norm1): LayerNorm((200,), eps=1e-06, elementwise_affine=True)
      (attn): Attention(
        (qkv): Linear(in_features=200, out_features=600, bias=False)
        (q_norm): LayerNorm((20,), eps=1e-06, elementwise_affine=True)
        (k_norm): LayerNorm((20,), eps=1e-06, elementwise_affine=True)
        (attn_drop): Dropout(p=0.0, inplace=False)
        (proj): Linear(in_features=200, out_features=200, bias=True)
        (proj_drop): Dropout(p=0.3, inplace=False)
      )
      (drop_path): DropPath(p=0.036363635212183)
      (norm2): LayerNorm((200,), eps=1e-06, elementwise_affine=True)
      (mlp): Mlp(
        (fc1): Linear(in_features=200, out_features=800, bias=True)
        (act): GELU(approximate='none')
        (fc2): Linear(in_features=800, out_features=200, bias=True)
        (drop): Dropout(p=0.3, inplace=False)
      )
    )
    (5): Block(
      (norm1): LayerNorm((200,), eps=1e-06, elementwise_affine=True)
      (attn): Attention(
        (qkv): Linear(in_features=200, out_features=600, bias=False)
        (q_norm): LayerNorm((20,), eps=1e-06, elementwise_affine=True)
        (k_norm): LayerNorm((20,), eps=1e-06, elementwise_affine=True)
        (attn_drop): Dropout(p=0.0, inplace=False)
        (proj): Linear(in_features=200, out_features=200, bias=True)
        (proj_drop): Dropout(p=0.3, inplace=False)
      )
      (drop_path): DropPath(p=0.045454543083906174)
      (norm2): LayerNorm((200,), eps=1e-06, elementwise_affine=True)
      (mlp): Mlp(
        (fc1): Linear(in_features=200, out_features=800, bias=True)
        (act): GELU(approximate='none')
        (fc2): Linear(in_features=800, out_features=200, bias=True)
        (drop): Dropout(p=0.3, inplace=False)
      )
    )
    (6): Block(
      (norm1): LayerNorm((200,), eps=1e-06, elementwise_affine=True)
      (attn): Attention(
        (qkv): Linear(in_features=200, out_features=600, bias=False)
        (q_norm): LayerNorm((20,), eps=1e-06, elementwise_affine=True)
        (k_norm): LayerNorm((20,), eps=1e-06, elementwise_affine=True)
        (attn_drop): Dropout(p=0.0, inplace=False)
        (proj): Linear(in_features=200, out_features=200, bias=True)
        (proj_drop): Dropout(p=0.3, inplace=False)
      )
      (drop_path): DropPath(p=0.054545458406209946)
      (norm2): LayerNorm((200,), eps=1e-06, elementwise_affine=True)
      (mlp): Mlp(
        (fc1): Linear(in_features=200, out_features=800, bias=True)
        (act): GELU(approximate='none')
        (fc2): Linear(in_features=800, out_features=200, bias=True)
        (drop): Dropout(p=0.3, inplace=False)
      )
    )
    (7): Block(
      (norm1): LayerNorm((200,), eps=1e-06, elementwise_affine=True)
      (attn): Attention(
        (qkv): Linear(in_features=200, out_features=600, bias=False)
        (q_norm): LayerNorm((20,), eps=1e-06, elementwise_affine=True)
        (k_norm): LayerNorm((20,), eps=1e-06, elementwise_affine=True)
        (attn_drop): Dropout(p=0.0, inplace=False)
        (proj): Linear(in_features=200, out_features=200, bias=True)
        (proj_drop): Dropout(p=0.3, inplace=False)
      )
      (drop_path): DropPath(p=0.06363636255264282)
      (norm2): LayerNorm((200,), eps=1e-06, elementwise_affine=True)
      (mlp): Mlp(
        (fc1): Linear(in_features=200, out_features=800, bias=True)
        (act): GELU(approximate='none')
        (fc2): Linear(in_features=800, out_features=200, bias=True)
        (drop): Dropout(p=0.3, inplace=False)
      )
    )
    (8): Block(
      (norm1): LayerNorm((200,), eps=1e-06, elementwise_affine=True)
      (attn): Attention(
        (qkv): Linear(in_features=200, out_features=600, bias=False)
        (q_norm): LayerNorm((20,), eps=1e-06, elementwise_affine=True)
        (k_norm): LayerNorm((20,), eps=1e-06, elementwise_affine=True)
        (attn_drop): Dropout(p=0.0, inplace=False)
        (proj): Linear(in_features=200, out_features=200, bias=True)
        (proj_drop): Dropout(p=0.3, inplace=False)
      )
      (drop_path): DropPath(p=0.0727272778749466)
      (norm2): LayerNorm((200,), eps=1e-06, elementwise_affine=True)
      (mlp): Mlp(
        (fc1): Linear(in_features=200, out_features=800, bias=True)
        (act): GELU(approximate='none')
        (fc2): Linear(in_features=800, out_features=200, bias=True)
        (drop): Dropout(p=0.3, inplace=False)
      )
    )
    (9): Block(
      (norm1): LayerNorm((200,), eps=1e-06, elementwise_affine=True)
      (attn): Attention(
        (qkv): Linear(in_features=200, out_features=600, bias=False)
        (q_norm): LayerNorm((20,), eps=1e-06, elementwise_affine=True)
        (k_norm): LayerNorm((20,), eps=1e-06, elementwise_affine=True)
        (attn_drop): Dropout(p=0.0, inplace=False)
        (proj): Linear(in_features=200, out_features=200, bias=True)
        (proj_drop): Dropout(p=0.3, inplace=False)
      )
      (drop_path): DropPath(p=0.08181818574666977)
      (norm2): LayerNorm((200,), eps=1e-06, elementwise_affine=True)
      (mlp): Mlp(
        (fc1): Linear(in_features=200, out_features=800, bias=True)
        (act): GELU(approximate='none')
        (fc2): Linear(in_features=800, out_features=200, bias=True)
        (drop): Dropout(p=0.3, inplace=False)
      )
    )
    (10): Block(
      (norm1): LayerNorm((200,), eps=1e-06, elementwise_affine=True)
      (attn): Attention(
        (qkv): Linear(in_features=200, out_features=600, bias=False)
        (q_norm): LayerNorm((20,), eps=1e-06, elementwise_affine=True)
        (k_norm): LayerNorm((20,), eps=1e-06, elementwise_affine=True)
        (attn_drop): Dropout(p=0.0, inplace=False)
        (proj): Linear(in_features=200, out_features=200, bias=True)
        (proj_drop): Dropout(p=0.3, inplace=False)
      )
      (drop_path): DropPath(p=0.09090909361839294)
      (norm2): LayerNorm((200,), eps=1e-06, elementwise_affine=True)
      (mlp): Mlp(
        (fc1): Linear(in_features=200, out_features=800, bias=True)
        (act): GELU(approximate='none')
        (fc2): Linear(in_features=800, out_features=200, bias=True)
        (drop): Dropout(p=0.3, inplace=False)
      )
    )
    (11): Block(
      (norm1): LayerNorm((200,), eps=1e-06, elementwise_affine=True)
      (attn): Attention(
        (qkv): Linear(in_features=200, out_features=600, bias=False)
        (q_norm): LayerNorm((20,), eps=1e-06, elementwise_affine=True)
        (k_norm): LayerNorm((20,), eps=1e-06, elementwise_affine=True)
        (attn_drop): Dropout(p=0.0, inplace=False)
        (proj): Linear(in_features=200, out_features=200, bias=True)
        (proj_drop): Dropout(p=0.3, inplace=False)
      )
      (drop_path): DropPath(p=0.10000000149011612)
      (norm2): LayerNorm((200,), eps=1e-06, elementwise_affine=True)
      (mlp): Mlp(
        (fc1): Linear(in_features=200, out_features=800, bias=True)
        (act): GELU(approximate='none')
        (fc2): Linear(in_features=800, out_features=200, bias=True)
        (drop): Dropout(p=0.3, inplace=False)
      )
    )
  )
  (norm): Identity()
  (fc_norm): LayerNorm((200,), eps=1e-06, elementwise_affine=True)
  (head): Linear(in_features=200, out_features=1, bias=True)
  (mss_module): MSSEncoder(
    (patch_embedding): ModuleList(
      (0): PatchFrequencyEmbedding(
        (projection): Linear(in_features=51, out_features=200, bias=True)
      )
      (1): PatchFrequencyEmbedding(
        (projection): Linear(in_features=101, out_features=200, bias=True)
      )
      (2): PatchFrequencyEmbedding(
        (projection): Linear(in_features=201, out_features=200, bias=True)
      )
      (3): PatchFrequencyEmbedding(
        (projection): Linear(in_features=401, out_features=200, bias=True)
      )
    )
    (ts_embedding): ModuleList(
      (0): PatchWindowEmbedding(
        (projection): Linear(in_features=32, out_features=32, bias=True)
      )
      (1): PatchWindowEmbedding(
        (projection): Linear(in_features=16, out_features=32, bias=True)
      )
      (2): PatchWindowEmbedding(
        (projection): Linear(in_features=8, out_features=32, bias=True)
      )
      (3): PatchWindowEmbedding(
        (projection): Linear(in_features=4, out_features=32, bias=True)
      )
    )
    (transformer): LinearAttentionTransformer(
      (layers): SequentialSequence(
        (layers): ModuleList(
          (0-3): 4 x ModuleList(
            (0): PreNorm(
              (fn): SelfAttention(
                (local_attn): LocalAttention(
                  (dropout): Dropout(p=0.2, inplace=False)
                )
                (to_q): Linear(in_features=200, out_features=200, bias=False)
                (to_k): Linear(in_features=200, out_features=200, bias=False)
                (to_v): Linear(in_features=200, out_features=200, bias=False)
                (to_out): Linear(in_features=200, out_features=200, bias=True)
                (dropout): Dropout(p=0.2, inplace=False)
              )
              (norm): LayerNorm((200,), eps=1e-05, elementwise_affine=True)
            )
            (1): PreNorm(
              (fn): Chunk(
                (fn): FeedForward(
                  (w1): Linear(in_features=200, out_features=800, bias=True)
                  (act): GELU(approximate='none')
                  (dropout): Dropout(p=0.0, inplace=False)
                  (w2): Linear(in_features=800, out_features=200, bias=True)
                )
              )
              (norm): LayerNorm((200,), eps=1e-05, elementwise_affine=True)
            )
          )
        )
      )
    )
    (positional_encoding): PositionalEncoding(
      (dropout): Dropout(p=0.1, inplace=False)
    )
    (channel_tokens): Embedding(63, 200)
  )
)
number of params: 7914385
LR = 0.00010000
Batch size = 32
Update frequent = 1
Number of training examples = 2067
Number of training training per epoch = 64
Assigned values = [0.003697205891018715, 0.005688009063105715, 0.008750783174008792, 0.013462743344628911, 0.02071191283789063, 0.03186448128906251, 0.049022278906250015, 0.07541889062500001, 0.11602906250000002, 0.17850625000000003, 0.274625, 0.42250000000000004, 0.65, 1.0]
Skip weight decay name marked in model: {'cls_token', 'pos_embed', 'time_embed'}
Param groups = {
  "layer_0_no_decay": {
    "weight_decay": 0.0,
    "params": [
      "cls_token",
      "pos_embed",
      "patch_embed.conv1.bias",
      "patch_embed.norm1.weight",
      "patch_embed.norm1.bias",
      "patch_embed.conv2.bias",
      "patch_embed.norm2.weight",
      "patch_embed.norm2.bias",
      "patch_embed.conv3.bias",
      "patch_embed.norm3.weight",
      "patch_embed.norm3.bias"
    ],
    "lr_scale": 0.003697205891018715
  },
  "layer_13_no_decay": {
    "weight_decay": 0.0,
    "params": [
      "time_embed",
      "fc_norm.weight",
      "fc_norm.bias",
      "head.bias",
      "mss_module.patch_embedding.0.projection.bias",
      "mss_module.patch_embedding.1.projection.bias",
      "mss_module.patch_embedding.2.projection.bias",
      "mss_module.patch_embedding.3.projection.bias",
      "mss_module.ts_embedding.0.projection.bias",
      "mss_module.ts_embedding.1.projection.bias",
      "mss_module.ts_embedding.2.projection.bias",
      "mss_module.ts_embedding.3.projection.bias",
      "mss_module.transformer.layers.layers.0.0.fn.to_out.bias",
      "mss_module.transformer.layers.layers.0.0.norm.weight",
      "mss_module.transformer.layers.layers.0.0.norm.bias",
      "mss_module.transformer.layers.layers.0.1.fn.fn.w1.bias",
      "mss_module.transformer.layers.layers.0.1.fn.fn.w2.bias",
      "mss_module.transformer.layers.layers.0.1.norm.weight",
      "mss_module.transformer.layers.layers.0.1.norm.bias",
      "mss_module.transformer.layers.layers.1.0.fn.to_out.bias",
      "mss_module.transformer.layers.layers.1.0.norm.weight",
      "mss_module.transformer.layers.layers.1.0.norm.bias",
      "mss_module.transformer.layers.layers.1.1.fn.fn.w1.bias",
      "mss_module.transformer.layers.layers.1.1.fn.fn.w2.bias",
      "mss_module.transformer.layers.layers.1.1.norm.weight",
      "mss_module.transformer.layers.layers.1.1.norm.bias",
      "mss_module.transformer.layers.layers.2.0.fn.to_out.bias",
      "mss_module.transformer.layers.layers.2.0.norm.weight",
      "mss_module.transformer.layers.layers.2.0.norm.bias",
      "mss_module.transformer.layers.layers.2.1.fn.fn.w1.bias",
      "mss_module.transformer.layers.layers.2.1.fn.fn.w2.bias",
      "mss_module.transformer.layers.layers.2.1.norm.weight",
      "mss_module.transformer.layers.layers.2.1.norm.bias",
      "mss_module.transformer.layers.layers.3.0.fn.to_out.bias",
      "mss_module.transformer.layers.layers.3.0.norm.weight",
      "mss_module.transformer.layers.layers.3.0.norm.bias",
      "mss_module.transformer.layers.layers.3.1.fn.fn.w1.bias",
      "mss_module.transformer.layers.layers.3.1.fn.fn.w2.bias",
      "mss_module.transformer.layers.layers.3.1.norm.weight",
      "mss_module.transformer.layers.layers.3.1.norm.bias"
    ],
    "lr_scale": 1.0
  },
  "layer_0_decay": {
    "weight_decay": 0.01,
    "params": [
      "patch_embed.conv1.weight",
      "patch_embed.conv2.weight",
      "patch_embed.conv3.weight"
    ],
    "lr_scale": 0.003697205891018715
  },
  "layer_1_no_decay": {
    "weight_decay": 0.0,
    "params": [
      "blocks.0.gamma_1",
      "blocks.0.gamma_2",
      "blocks.0.norm1.weight",
      "blocks.0.norm1.bias",
      "blocks.0.attn.q_norm.weight",
      "blocks.0.attn.q_norm.bias",
      "blocks.0.attn.k_norm.weight",
      "blocks.0.attn.k_norm.bias",
      "blocks.0.attn.proj.bias",
      "blocks.0.norm2.weight",
      "blocks.0.norm2.bias",
      "blocks.0.mlp.fc1.bias",
      "blocks.0.mlp.fc2.bias"
    ],
    "lr_scale": 0.005688009063105715
  },
  "layer_1_decay": {
    "weight_decay": 0.01,
    "params": [
      "blocks.0.attn.qkv.weight",
      "blocks.0.attn.proj.weight",
      "blocks.0.mlp.fc1.weight",
      "blocks.0.mlp.fc2.weight"
    ],
    "lr_scale": 0.005688009063105715
  },
  "layer_2_no_decay": {
    "weight_decay": 0.0,
    "params": [
      "blocks.1.gamma_1",
      "blocks.1.gamma_2",
      "blocks.1.norm1.weight",
      "blocks.1.norm1.bias",
      "blocks.1.attn.q_norm.weight",
      "blocks.1.attn.q_norm.bias",
      "blocks.1.attn.k_norm.weight",
      "blocks.1.attn.k_norm.bias",
      "blocks.1.attn.proj.bias",
      "blocks.1.norm2.weight",
      "blocks.1.norm2.bias",
      "blocks.1.mlp.fc1.bias",
      "blocks.1.mlp.fc2.bias"
    ],
    "lr_scale": 0.008750783174008792
  },
  "layer_2_decay": {
    "weight_decay": 0.01,
    "params": [
      "blocks.1.attn.qkv.weight",
      "blocks.1.attn.proj.weight",
      "blocks.1.mlp.fc1.weight",
      "blocks.1.mlp.fc2.weight"
    ],
    "lr_scale": 0.008750783174008792
  },
  "layer_3_no_decay": {
    "weight_decay": 0.0,
    "params": [
      "blocks.2.gamma_1",
      "blocks.2.gamma_2",
      "blocks.2.norm1.weight",
      "blocks.2.norm1.bias",
      "blocks.2.attn.q_norm.weight",
      "blocks.2.attn.q_norm.bias",
      "blocks.2.attn.k_norm.weight",
      "blocks.2.attn.k_norm.bias",
      "blocks.2.attn.proj.bias",
      "blocks.2.norm2.weight",
      "blocks.2.norm2.bias",
      "blocks.2.mlp.fc1.bias",
      "blocks.2.mlp.fc2.bias"
    ],
    "lr_scale": 0.013462743344628911
  },
  "layer_3_decay": {
    "weight_decay": 0.01,
    "params": [
      "blocks.2.attn.qkv.weight",
      "blocks.2.attn.proj.weight",
      "blocks.2.mlp.fc1.weight",
      "blocks.2.mlp.fc2.weight"
    ],
    "lr_scale": 0.013462743344628911
  },
  "layer_4_no_decay": {
    "weight_decay": 0.0,
    "params": [
      "blocks.3.gamma_1",
      "blocks.3.gamma_2",
      "blocks.3.norm1.weight",
      "blocks.3.norm1.bias",
      "blocks.3.attn.q_norm.weight",
      "blocks.3.attn.q_norm.bias",
      "blocks.3.attn.k_norm.weight",
      "blocks.3.attn.k_norm.bias",
      "blocks.3.attn.proj.bias",
      "blocks.3.norm2.weight",
      "blocks.3.norm2.bias",
      "blocks.3.mlp.fc1.bias",
      "blocks.3.mlp.fc2.bias"
    ],
    "lr_scale": 0.02071191283789063
  },
  "layer_4_decay": {
    "weight_decay": 0.01,
    "params": [
      "blocks.3.attn.qkv.weight",
      "blocks.3.attn.proj.weight",
      "blocks.3.mlp.fc1.weight",
      "blocks.3.mlp.fc2.weight"
    ],
    "lr_scale": 0.02071191283789063
  },
  "layer_5_no_decay": {
    "weight_decay": 0.0,
    "params": [
      "blocks.4.gamma_1",
      "blocks.4.gamma_2",
      "blocks.4.norm1.weight",
      "blocks.4.norm1.bias",
      "blocks.4.attn.q_norm.weight",
      "blocks.4.attn.q_norm.bias",
      "blocks.4.attn.k_norm.weight",
      "blocks.4.attn.k_norm.bias",
      "blocks.4.attn.proj.bias",
      "blocks.4.norm2.weight",
      "blocks.4.norm2.bias",
      "blocks.4.mlp.fc1.bias",
      "blocks.4.mlp.fc2.bias"
    ],
    "lr_scale": 0.03186448128906251
  },
  "layer_5_decay": {
    "weight_decay": 0.01,
    "params": [
      "blocks.4.attn.qkv.weight",
      "blocks.4.attn.proj.weight",
      "blocks.4.mlp.fc1.weight",
      "blocks.4.mlp.fc2.weight"
    ],
    "lr_scale": 0.03186448128906251
  },
  "layer_6_no_decay": {
    "weight_decay": 0.0,
    "params": [
      "blocks.5.gamma_1",
      "blocks.5.gamma_2",
      "blocks.5.norm1.weight",
      "blocks.5.norm1.bias",
      "blocks.5.attn.q_norm.weight",
      "blocks.5.attn.q_norm.bias",
      "blocks.5.attn.k_norm.weight",
      "blocks.5.attn.k_norm.bias",
      "blocks.5.attn.proj.bias",
      "blocks.5.norm2.weight",
      "blocks.5.norm2.bias",
      "blocks.5.mlp.fc1.bias",
      "blocks.5.mlp.fc2.bias"
    ],
    "lr_scale": 0.049022278906250015
  },
  "layer_6_decay": {
    "weight_decay": 0.01,
    "params": [
      "blocks.5.attn.qkv.weight",
      "blocks.5.attn.proj.weight",
      "blocks.5.mlp.fc1.weight",
      "blocks.5.mlp.fc2.weight"
    ],
    "lr_scale": 0.049022278906250015
  },
  "layer_7_no_decay": {
    "weight_decay": 0.0,
    "params": [
      "blocks.6.gamma_1",
      "blocks.6.gamma_2",
      "blocks.6.norm1.weight",
      "blocks.6.norm1.bias",
      "blocks.6.attn.q_norm.weight",
      "blocks.6.attn.q_norm.bias",
      "blocks.6.attn.k_norm.weight",
      "blocks.6.attn.k_norm.bias",
      "blocks.6.attn.proj.bias",
      "blocks.6.norm2.weight",
      "blocks.6.norm2.bias",
      "blocks.6.mlp.fc1.bias",
      "blocks.6.mlp.fc2.bias"
    ],
    "lr_scale": 0.07541889062500001
  },
  "layer_7_decay": {
    "weight_decay": 0.01,
    "params": [
      "blocks.6.attn.qkv.weight",
      "blocks.6.attn.proj.weight",
      "blocks.6.mlp.fc1.weight",
      "blocks.6.mlp.fc2.weight"
    ],
    "lr_scale": 0.07541889062500001
  },
  "layer_8_no_decay": {
    "weight_decay": 0.0,
    "params": [
      "blocks.7.gamma_1",
      "blocks.7.gamma_2",
      "blocks.7.norm1.weight",
      "blocks.7.norm1.bias",
      "blocks.7.attn.q_norm.weight",
      "blocks.7.attn.q_norm.bias",
      "blocks.7.attn.k_norm.weight",
      "blocks.7.attn.k_norm.bias",
      "blocks.7.attn.proj.bias",
      "blocks.7.norm2.weight",
      "blocks.7.norm2.bias",
      "blocks.7.mlp.fc1.bias",
      "blocks.7.mlp.fc2.bias"
    ],
    "lr_scale": 0.11602906250000002
  },
  "layer_8_decay": {
    "weight_decay": 0.01,
    "params": [
      "blocks.7.attn.qkv.weight",
      "blocks.7.attn.proj.weight",
      "blocks.7.mlp.fc1.weight",
      "blocks.7.mlp.fc2.weight"
    ],
    "lr_scale": 0.11602906250000002
  },
  "layer_9_no_decay": {
    "weight_decay": 0.0,
    "params": [
      "blocks.8.gamma_1",
      "blocks.8.gamma_2",
      "blocks.8.norm1.weight",
      "blocks.8.norm1.bias",
      "blocks.8.attn.q_norm.weight",
      "blocks.8.attn.q_norm.bias",
      "blocks.8.attn.k_norm.weight",
      "blocks.8.attn.k_norm.bias",
      "blocks.8.attn.proj.bias",
      "blocks.8.norm2.weight",
      "blocks.8.norm2.bias",
      "blocks.8.mlp.fc1.bias",
      "blocks.8.mlp.fc2.bias"
    ],
    "lr_scale": 0.17850625000000003
  },
  "layer_9_decay": {
    "weight_decay": 0.01,
    "params": [
      "blocks.8.attn.qkv.weight",
      "blocks.8.attn.proj.weight",
      "blocks.8.mlp.fc1.weight",
      "blocks.8.mlp.fc2.weight"
    ],
    "lr_scale": 0.17850625000000003
  },
  "layer_10_no_decay": {
    "weight_decay": 0.0,
    "params": [
      "blocks.9.gamma_1",
      "blocks.9.gamma_2",
      "blocks.9.norm1.weight",
      "blocks.9.norm1.bias",
      "blocks.9.attn.q_norm.weight",
      "blocks.9.attn.q_norm.bias",
      "blocks.9.attn.k_norm.weight",
      "blocks.9.attn.k_norm.bias",
      "blocks.9.attn.proj.bias",
      "blocks.9.norm2.weight",
      "blocks.9.norm2.bias",
      "blocks.9.mlp.fc1.bias",
      "blocks.9.mlp.fc2.bias"
    ],
    "lr_scale": 0.274625
  },
  "layer_10_decay": {
    "weight_decay": 0.01,
    "params": [
      "blocks.9.attn.qkv.weight",
      "blocks.9.attn.proj.weight",
      "blocks.9.mlp.fc1.weight",
      "blocks.9.mlp.fc2.weight"
    ],
    "lr_scale": 0.274625
  },
  "layer_11_no_decay": {
    "weight_decay": 0.0,
    "params": [
      "blocks.10.gamma_1",
      "blocks.10.gamma_2",
      "blocks.10.norm1.weight",
      "blocks.10.norm1.bias",
      "blocks.10.attn.q_norm.weight",
      "blocks.10.attn.q_norm.bias",
      "blocks.10.attn.k_norm.weight",
      "blocks.10.attn.k_norm.bias",
      "blocks.10.attn.proj.bias",
      "blocks.10.norm2.weight",
      "blocks.10.norm2.bias",
      "blocks.10.mlp.fc1.bias",
      "blocks.10.mlp.fc2.bias"
    ],
    "lr_scale": 0.42250000000000004
  },
  "layer_11_decay": {
    "weight_decay": 0.01,
    "params": [
      "blocks.10.attn.qkv.weight",
      "blocks.10.attn.proj.weight",
      "blocks.10.mlp.fc1.weight",
      "blocks.10.mlp.fc2.weight"
    ],
    "lr_scale": 0.42250000000000004
  },
  "layer_12_no_decay": {
    "weight_decay": 0.0,
    "params": [
      "blocks.11.gamma_1",
      "blocks.11.gamma_2",
      "blocks.11.norm1.weight",
      "blocks.11.norm1.bias",
      "blocks.11.attn.q_norm.weight",
      "blocks.11.attn.q_norm.bias",
      "blocks.11.attn.k_norm.weight",
      "blocks.11.attn.k_norm.bias",
      "blocks.11.attn.proj.bias",
      "blocks.11.norm2.weight",
      "blocks.11.norm2.bias",
      "blocks.11.mlp.fc1.bias",
      "blocks.11.mlp.fc2.bias"
    ],
    "lr_scale": 0.65
  },
  "layer_12_decay": {
    "weight_decay": 0.01,
    "params": [
      "blocks.11.attn.qkv.weight",
      "blocks.11.attn.proj.weight",
      "blocks.11.mlp.fc1.weight",
      "blocks.11.mlp.fc2.weight"
    ],
    "lr_scale": 0.65
  },
  "layer_13_decay": {
    "weight_decay": 0.01,
    "params": [
      "head.weight",
      "mss_module.patch_embedding.0.projection.weight",
      "mss_module.patch_embedding.1.projection.weight",
      "mss_module.patch_embedding.2.projection.weight",
      "mss_module.patch_embedding.3.projection.weight",
      "mss_module.ts_embedding.0.projection.weight",
      "mss_module.ts_embedding.1.projection.weight",
      "mss_module.ts_embedding.2.projection.weight",
      "mss_module.ts_embedding.3.projection.weight",
      "mss_module.transformer.layers.layers.0.0.fn.to_q.weight",
      "mss_module.transformer.layers.layers.0.0.fn.to_k.weight",
      "mss_module.transformer.layers.layers.0.0.fn.to_v.weight",
      "mss_module.transformer.layers.layers.0.0.fn.to_out.weight",
      "mss_module.transformer.layers.layers.0.1.fn.fn.w1.weight",
      "mss_module.transformer.layers.layers.0.1.fn.fn.w2.weight",
      "mss_module.transformer.layers.layers.1.0.fn.to_q.weight",
      "mss_module.transformer.layers.layers.1.0.fn.to_k.weight",
      "mss_module.transformer.layers.layers.1.0.fn.to_v.weight",
      "mss_module.transformer.layers.layers.1.0.fn.to_out.weight",
      "mss_module.transformer.layers.layers.1.1.fn.fn.w1.weight",
      "mss_module.transformer.layers.layers.1.1.fn.fn.w2.weight",
      "mss_module.transformer.layers.layers.2.0.fn.to_q.weight",
      "mss_module.transformer.layers.layers.2.0.fn.to_k.weight",
      "mss_module.transformer.layers.layers.2.0.fn.to_v.weight",
      "mss_module.transformer.layers.layers.2.0.fn.to_out.weight",
      "mss_module.transformer.layers.layers.2.1.fn.fn.w1.weight",
      "mss_module.transformer.layers.layers.2.1.fn.fn.w2.weight",
      "mss_module.transformer.layers.layers.3.0.fn.to_q.weight",
      "mss_module.transformer.layers.layers.3.0.fn.to_k.weight",
      "mss_module.transformer.layers.layers.3.0.fn.to_v.weight",
      "mss_module.transformer.layers.layers.3.0.fn.to_out.weight",
      "mss_module.transformer.layers.layers.3.1.fn.fn.w1.weight",
      "mss_module.transformer.layers.layers.3.1.fn.fn.w2.weight",
      "mss_module.channel_tokens.weight"
    ],
    "lr_scale": 1.0
  }
}
Optimizer config: {'lr': 0.0001, 'weight_decay': 0.0, 'eps': 1e-08}
Use step level LR scheduler!
Set warmup steps = 320
Set warmup steps = 0
Max WD = 0.0100000, Min WD = 0.0100000
criterion = MSELoss()
Start training for 20 epochs
