/data/u_atayeva_software/conda/envs/neurobolt/lib/python3.9/site-packages/numpy/lib/function_base.py:2846: RuntimeWarning: Degrees of freedom <= 0 for slice
  c = cov(x, y, rowvar, dtype=dtype)
/data/u_atayeva_software/conda/envs/neurobolt/lib/python3.9/site-packages/numpy/lib/function_base.py:2705: RuntimeWarning: divide by zero encountered in divide
  c *= np.true_divide(1, fact)
/data/u_atayeva_software/conda/envs/neurobolt/lib/python3.9/site-packages/numpy/lib/function_base.py:2705: RuntimeWarning: invalid value encountered in multiply
  c *= np.true_divide(1, fact)
/data/u_atayeva_software/conda/envs/neurobolt/lib/python3.9/site-packages/numpy/lib/function_base.py:2846: RuntimeWarning: Degrees of freedom <= 0 for slice
  c = cov(x, y, rowvar, dtype=dtype)
/data/u_atayeva_software/conda/envs/neurobolt/lib/python3.9/site-packages/numpy/lib/function_base.py:2705: RuntimeWarning: divide by zero encountered in divide
  c *= np.true_divide(1, fact)
/data/u_atayeva_software/conda/envs/neurobolt/lib/python3.9/site-packages/numpy/lib/function_base.py:2705: RuntimeWarning: invalid value encountered in multiply
  c *= np.true_divide(1, fact)
/data/u_atayeva_software/conda/envs/neurobolt/lib/python3.9/site-packages/numpy/lib/function_base.py:2846: RuntimeWarning: Degrees of freedom <= 0 for slice
  c = cov(x, y, rowvar, dtype=dtype)
/data/u_atayeva_software/conda/envs/neurobolt/lib/python3.9/site-packages/numpy/lib/function_base.py:2705: RuntimeWarning: divide by zero encountered in divide
  c *= np.true_divide(1, fact)
/data/u_atayeva_software/conda/envs/neurobolt/lib/python3.9/site-packages/numpy/lib/function_base.py:2705: RuntimeWarning: invalid value encountered in multiply
  c *= np.true_divide(1, fact)
/data/u_atayeva_software/conda/envs/neurobolt/lib/python3.9/site-packages/numpy/lib/function_base.py:2846: RuntimeWarning: Degrees of freedom <= 0 for slice
  c = cov(x, y, rowvar, dtype=dtype)
/data/u_atayeva_software/conda/envs/neurobolt/lib/python3.9/site-packages/numpy/lib/function_base.py:2705: RuntimeWarning: divide by zero encountered in divide
  c *= np.true_divide(1, fact)
/data/u_atayeva_software/conda/envs/neurobolt/lib/python3.9/site-packages/numpy/lib/function_base.py:2705: RuntimeWarning: invalid value encountered in multiply
  c *= np.true_divide(1, fact)
/data/u_atayeva_software/conda/envs/neurobolt/lib/python3.9/site-packages/numpy/lib/function_base.py:2846: RuntimeWarning: Degrees of freedom <= 0 for slice
  c = cov(x, y, rowvar, dtype=dtype)
/data/u_atayeva_software/conda/envs/neurobolt/lib/python3.9/site-packages/numpy/lib/function_base.py:2705: RuntimeWarning: divide by zero encountered in divide
  c *= np.true_divide(1, fact)
/data/u_atayeva_software/conda/envs/neurobolt/lib/python3.9/site-packages/numpy/lib/function_base.py:2705: RuntimeWarning: invalid value encountered in multiply
  c *= np.true_divide(1, fact)
/data/u_atayeva_software/conda/envs/neurobolt/lib/python3.9/site-packages/numpy/lib/function_base.py:2846: RuntimeWarning: Degrees of freedom <= 0 for slice
  c = cov(x, y, rowvar, dtype=dtype)
/data/u_atayeva_software/conda/envs/neurobolt/lib/python3.9/site-packages/numpy/lib/function_base.py:2705: RuntimeWarning: divide by zero encountered in divide
  c *= np.true_divide(1, fact)
/data/u_atayeva_software/conda/envs/neurobolt/lib/python3.9/site-packages/numpy/lib/function_base.py:2705: RuntimeWarning: invalid value encountered in multiply
  c *= np.true_divide(1, fact)
/data/u_atayeva_software/conda/envs/neurobolt/lib/python3.9/site-packages/numpy/lib/function_base.py:2846: RuntimeWarning: Degrees of freedom <= 0 for slice
  c = cov(x, y, rowvar, dtype=dtype)
/data/u_atayeva_software/conda/envs/neurobolt/lib/python3.9/site-packages/numpy/lib/function_base.py:2705: RuntimeWarning: divide by zero encountered in divide
  c *= np.true_divide(1, fact)
/data/u_atayeva_software/conda/envs/neurobolt/lib/python3.9/site-packages/numpy/lib/function_base.py:2705: RuntimeWarning: invalid value encountered in multiply
  c *= np.true_divide(1, fact)
/data/u_atayeva_software/conda/envs/neurobolt/lib/python3.9/site-packages/numpy/lib/function_base.py:2846: RuntimeWarning: Degrees of freedom <= 0 for slice
  c = cov(x, y, rowvar, dtype=dtype)
/data/u_atayeva_software/conda/envs/neurobolt/lib/python3.9/site-packages/numpy/lib/function_base.py:2705: RuntimeWarning: divide by zero encountered in divide
  c *= np.true_divide(1, fact)
/data/u_atayeva_software/conda/envs/neurobolt/lib/python3.9/site-packages/numpy/lib/function_base.py:2705: RuntimeWarning: invalid value encountered in multiply
  c *= np.true_divide(1, fact)
/data/u_atayeva_software/conda/envs/neurobolt/lib/python3.9/site-packages/numpy/lib/function_base.py:2846: RuntimeWarning: Degrees of freedom <= 0 for slice
  c = cov(x, y, rowvar, dtype=dtype)
/data/u_atayeva_software/conda/envs/neurobolt/lib/python3.9/site-packages/numpy/lib/function_base.py:2705: RuntimeWarning: divide by zero encountered in divide
  c *= np.true_divide(1, fact)
/data/u_atayeva_software/conda/envs/neurobolt/lib/python3.9/site-packages/numpy/lib/function_base.py:2705: RuntimeWarning: invalid value encountered in multiply
  c *= np.true_divide(1, fact)
/data/u_atayeva_software/conda/envs/neurobolt/lib/python3.9/site-packages/numpy/lib/function_base.py:2846: RuntimeWarning: Degrees of freedom <= 0 for slice
  c = cov(x, y, rowvar, dtype=dtype)
/data/u_atayeva_software/conda/envs/neurobolt/lib/python3.9/site-packages/numpy/lib/function_base.py:2705: RuntimeWarning: divide by zero encountered in divide
  c *= np.true_divide(1, fact)
/data/u_atayeva_software/conda/envs/neurobolt/lib/python3.9/site-packages/numpy/lib/function_base.py:2705: RuntimeWarning: invalid value encountered in multiply
  c *= np.true_divide(1, fact)
/data/u_atayeva_software/conda/envs/neurobolt/lib/python3.9/site-packages/numpy/lib/function_base.py:2846: RuntimeWarning: Degrees of freedom <= 0 for slice
  c = cov(x, y, rowvar, dtype=dtype)
/data/u_atayeva_software/conda/envs/neurobolt/lib/python3.9/site-packages/numpy/lib/function_base.py:2705: RuntimeWarning: divide by zero encountered in divide
  c *= np.true_divide(1, fact)
/data/u_atayeva_software/conda/envs/neurobolt/lib/python3.9/site-packages/numpy/lib/function_base.py:2705: RuntimeWarning: invalid value encountered in multiply
  c *= np.true_divide(1, fact)
/data/u_atayeva_software/conda/envs/neurobolt/lib/python3.9/site-packages/numpy/lib/function_base.py:2846: RuntimeWarning: Degrees of freedom <= 0 for slice
  c = cov(x, y, rowvar, dtype=dtype)
/data/u_atayeva_software/conda/envs/neurobolt/lib/python3.9/site-packages/numpy/lib/function_base.py:2705: RuntimeWarning: divide by zero encountered in divide
  c *= np.true_divide(1, fact)
/data/u_atayeva_software/conda/envs/neurobolt/lib/python3.9/site-packages/numpy/lib/function_base.py:2705: RuntimeWarning: invalid value encountered in multiply
  c *= np.true_divide(1, fact)
/data/u_atayeva_software/conda/envs/neurobolt/lib/python3.9/site-packages/numpy/lib/function_base.py:2846: RuntimeWarning: Degrees of freedom <= 0 for slice
  c = cov(x, y, rowvar, dtype=dtype)
/data/u_atayeva_software/conda/envs/neurobolt/lib/python3.9/site-packages/numpy/lib/function_base.py:2705: RuntimeWarning: divide by zero encountered in divide
  c *= np.true_divide(1, fact)
/data/u_atayeva_software/conda/envs/neurobolt/lib/python3.9/site-packages/numpy/lib/function_base.py:2705: RuntimeWarning: invalid value encountered in multiply
  c *= np.true_divide(1, fact)
/data/u_atayeva_software/conda/envs/neurobolt/lib/python3.9/site-packages/numpy/lib/function_base.py:2846: RuntimeWarning: Degrees of freedom <= 0 for slice
  c = cov(x, y, rowvar, dtype=dtype)
/data/u_atayeva_software/conda/envs/neurobolt/lib/python3.9/site-packages/numpy/lib/function_base.py:2705: RuntimeWarning: divide by zero encountered in divide
  c *= np.true_divide(1, fact)
/data/u_atayeva_software/conda/envs/neurobolt/lib/python3.9/site-packages/numpy/lib/function_base.py:2705: RuntimeWarning: invalid value encountered in multiply
  c *= np.true_divide(1, fact)
/data/u_atayeva_software/conda/envs/neurobolt/lib/python3.9/site-packages/numpy/lib/function_base.py:2846: RuntimeWarning: Degrees of freedom <= 0 for slice
  c = cov(x, y, rowvar, dtype=dtype)
/data/u_atayeva_software/conda/envs/neurobolt/lib/python3.9/site-packages/numpy/lib/function_base.py:2705: RuntimeWarning: divide by zero encountered in divide
  c *= np.true_divide(1, fact)
/data/u_atayeva_software/conda/envs/neurobolt/lib/python3.9/site-packages/numpy/lib/function_base.py:2705: RuntimeWarning: invalid value encountered in multiply
  c *= np.true_divide(1, fact)
/data/u_atayeva_software/conda/envs/neurobolt/lib/python3.9/site-packages/numpy/lib/function_base.py:2846: RuntimeWarning: Degrees of freedom <= 0 for slice
  c = cov(x, y, rowvar, dtype=dtype)
/data/u_atayeva_software/conda/envs/neurobolt/lib/python3.9/site-packages/numpy/lib/function_base.py:2705: RuntimeWarning: divide by zero encountered in divide
  c *= np.true_divide(1, fact)
/data/u_atayeva_software/conda/envs/neurobolt/lib/python3.9/site-packages/numpy/lib/function_base.py:2705: RuntimeWarning: invalid value encountered in multiply
  c *= np.true_divide(1, fact)
/data/u_atayeva_software/conda/envs/neurobolt/lib/python3.9/site-packages/numpy/lib/function_base.py:2846: RuntimeWarning: Degrees of freedom <= 0 for slice
  c = cov(x, y, rowvar, dtype=dtype)
/data/u_atayeva_software/conda/envs/neurobolt/lib/python3.9/site-packages/numpy/lib/function_base.py:2705: RuntimeWarning: divide by zero encountered in divide
  c *= np.true_divide(1, fact)
/data/u_atayeva_software/conda/envs/neurobolt/lib/python3.9/site-packages/numpy/lib/function_base.py:2705: RuntimeWarning: invalid value encountered in multiply
  c *= np.true_divide(1, fact)
/data/u_atayeva_software/conda/envs/neurobolt/lib/python3.9/site-packages/numpy/lib/function_base.py:2846: RuntimeWarning: Degrees of freedom <= 0 for slice
  c = cov(x, y, rowvar, dtype=dtype)
/data/u_atayeva_software/conda/envs/neurobolt/lib/python3.9/site-packages/numpy/lib/function_base.py:2705: RuntimeWarning: divide by zero encountered in divide
  c *= np.true_divide(1, fact)
/data/u_atayeva_software/conda/envs/neurobolt/lib/python3.9/site-packages/numpy/lib/function_base.py:2705: RuntimeWarning: invalid value encountered in multiply
  c *= np.true_divide(1, fact)
/data/u_atayeva_software/conda/envs/neurobolt/lib/python3.9/site-packages/numpy/lib/function_base.py:2846: RuntimeWarning: Degrees of freedom <= 0 for slice
  c = cov(x, y, rowvar, dtype=dtype)
/data/u_atayeva_software/conda/envs/neurobolt/lib/python3.9/site-packages/numpy/lib/function_base.py:2705: RuntimeWarning: divide by zero encountered in divide
  c *= np.true_divide(1, fact)
/data/u_atayeva_software/conda/envs/neurobolt/lib/python3.9/site-packages/numpy/lib/function_base.py:2705: RuntimeWarning: invalid value encountered in multiply
  c *= np.true_divide(1, fact)
/data/u_atayeva_software/conda/envs/neurobolt/lib/python3.9/site-packages/numpy/lib/function_base.py:2846: RuntimeWarning: Degrees of freedom <= 0 for slice
  c = cov(x, y, rowvar, dtype=dtype)
/data/u_atayeva_software/conda/envs/neurobolt/lib/python3.9/site-packages/numpy/lib/function_base.py:2705: RuntimeWarning: divide by zero encountered in divide
  c *= np.true_divide(1, fact)
/data/u_atayeva_software/conda/envs/neurobolt/lib/python3.9/site-packages/numpy/lib/function_base.py:2705: RuntimeWarning: invalid value encountered in multiply
  c *= np.true_divide(1, fact)
/data/u_atayeva_software/conda/envs/neurobolt/lib/python3.9/site-packages/numpy/lib/function_base.py:2846: RuntimeWarning: Degrees of freedom <= 0 for slice
  c = cov(x, y, rowvar, dtype=dtype)
/data/u_atayeva_software/conda/envs/neurobolt/lib/python3.9/site-packages/numpy/lib/function_base.py:2705: RuntimeWarning: divide by zero encountered in divide
  c *= np.true_divide(1, fact)
/data/u_atayeva_software/conda/envs/neurobolt/lib/python3.9/site-packages/numpy/lib/function_base.py:2705: RuntimeWarning: invalid value encountered in multiply
  c *= np.true_divide(1, fact)
/data/u_atayeva_software/conda/envs/neurobolt/lib/python3.9/site-packages/numpy/lib/function_base.py:2854: RuntimeWarning: invalid value encountered in divide
  c /= stddev[:, None]
/data/u_atayeva_software/conda/envs/neurobolt/lib/python3.9/site-packages/numpy/lib/function_base.py:2855: RuntimeWarning: invalid value encountered in divide
  c /= stddev[None, :]
/data/u_atayeva_software/conda/envs/neurobolt/lib/python3.9/site-packages/numpy/lib/function_base.py:2846: RuntimeWarning: Degrees of freedom <= 0 for slice
  c = cov(x, y, rowvar, dtype=dtype)
/data/u_atayeva_software/conda/envs/neurobolt/lib/python3.9/site-packages/numpy/lib/function_base.py:2705: RuntimeWarning: divide by zero encountered in divide
  c *= np.true_divide(1, fact)
/data/u_atayeva_software/conda/envs/neurobolt/lib/python3.9/site-packages/numpy/lib/function_base.py:2705: RuntimeWarning: invalid value encountered in multiply
  c *= np.true_divide(1, fact)
/data/u_atayeva_software/conda/envs/neurobolt/lib/python3.9/site-packages/numpy/lib/function_base.py:2854: RuntimeWarning: invalid value encountered in divide
  c /= stddev[:, None]
/data/u_atayeva_software/conda/envs/neurobolt/lib/python3.9/site-packages/numpy/lib/function_base.py:2855: RuntimeWarning: invalid value encountered in divide
  c /= stddev[None, :]
/data/u_atayeva_software/conda/envs/neurobolt/lib/python3.9/site-packages/numpy/lib/function_base.py:2846: RuntimeWarning: Degrees of freedom <= 0 for slice
  c = cov(x, y, rowvar, dtype=dtype)
/data/u_atayeva_software/conda/envs/neurobolt/lib/python3.9/site-packages/numpy/lib/function_base.py:2705: RuntimeWarning: divide by zero encountered in divide
  c *= np.true_divide(1, fact)
/data/u_atayeva_software/conda/envs/neurobolt/lib/python3.9/site-packages/numpy/lib/function_base.py:2705: RuntimeWarning: invalid value encountered in multiply
  c *= np.true_divide(1, fact)
/data/u_atayeva_software/conda/envs/neurobolt/lib/python3.9/site-packages/numpy/lib/function_base.py:2854: RuntimeWarning: invalid value encountered in divide
  c /= stddev[:, None]
/data/u_atayeva_software/conda/envs/neurobolt/lib/python3.9/site-packages/numpy/lib/function_base.py:2855: RuntimeWarning: invalid value encountered in divide
  c /= stddev[None, :]
/data/u_atayeva_software/conda/envs/neurobolt/lib/python3.9/site-packages/numpy/lib/function_base.py:2846: RuntimeWarning: Degrees of freedom <= 0 for slice
  c = cov(x, y, rowvar, dtype=dtype)
/data/u_atayeva_software/conda/envs/neurobolt/lib/python3.9/site-packages/numpy/lib/function_base.py:2705: RuntimeWarning: divide by zero encountered in divide
  c *= np.true_divide(1, fact)
/data/u_atayeva_software/conda/envs/neurobolt/lib/python3.9/site-packages/numpy/lib/function_base.py:2705: RuntimeWarning: invalid value encountered in multiply
  c *= np.true_divide(1, fact)
/data/u_atayeva_software/conda/envs/neurobolt/lib/python3.9/site-packages/numpy/lib/function_base.py:2854: RuntimeWarning: invalid value encountered in divide
  c /= stddev[:, None]
/data/u_atayeva_software/conda/envs/neurobolt/lib/python3.9/site-packages/numpy/lib/function_base.py:2855: RuntimeWarning: invalid value encountered in divide
  c /= stddev[None, :]
/data/u_atayeva_software/conda/envs/neurobolt/lib/python3.9/site-packages/numpy/lib/function_base.py:2846: RuntimeWarning: Degrees of freedom <= 0 for slice
  c = cov(x, y, rowvar, dtype=dtype)
/data/u_atayeva_software/conda/envs/neurobolt/lib/python3.9/site-packages/numpy/lib/function_base.py:2705: RuntimeWarning: divide by zero encountered in divide
  c *= np.true_divide(1, fact)
/data/u_atayeva_software/conda/envs/neurobolt/lib/python3.9/site-packages/numpy/lib/function_base.py:2705: RuntimeWarning: invalid value encountered in multiply
  c *= np.true_divide(1, fact)
/data/u_atayeva_software/conda/envs/neurobolt/lib/python3.9/site-packages/numpy/lib/function_base.py:2854: RuntimeWarning: invalid value encountered in divide
  c /= stddev[:, None]
/data/u_atayeva_software/conda/envs/neurobolt/lib/python3.9/site-packages/numpy/lib/function_base.py:2855: RuntimeWarning: invalid value encountered in divide
  c /= stddev[None, :]
/data/u_atayeva_software/conda/envs/neurobolt/lib/python3.9/site-packages/numpy/lib/function_base.py:2846: RuntimeWarning: Degrees of freedom <= 0 for slice
  c = cov(x, y, rowvar, dtype=dtype)
/data/u_atayeva_software/conda/envs/neurobolt/lib/python3.9/site-packages/numpy/lib/function_base.py:2705: RuntimeWarning: divide by zero encountered in divide
  c *= np.true_divide(1, fact)
/data/u_atayeva_software/conda/envs/neurobolt/lib/python3.9/site-packages/numpy/lib/function_base.py:2705: RuntimeWarning: invalid value encountered in multiply
  c *= np.true_divide(1, fact)
/data/u_atayeva_software/conda/envs/neurobolt/lib/python3.9/site-packages/numpy/lib/function_base.py:2854: RuntimeWarning: invalid value encountered in divide
  c /= stddev[:, None]
/data/u_atayeva_software/conda/envs/neurobolt/lib/python3.9/site-packages/numpy/lib/function_base.py:2855: RuntimeWarning: invalid value encountered in divide
  c /= stddev[None, :]
/data/u_atayeva_software/conda/envs/neurobolt/lib/python3.9/site-packages/numpy/lib/function_base.py:2846: RuntimeWarning: Degrees of freedom <= 0 for slice
  c = cov(x, y, rowvar, dtype=dtype)
/data/u_atayeva_software/conda/envs/neurobolt/lib/python3.9/site-packages/numpy/lib/function_base.py:2705: RuntimeWarning: divide by zero encountered in divide
  c *= np.true_divide(1, fact)
/data/u_atayeva_software/conda/envs/neurobolt/lib/python3.9/site-packages/numpy/lib/function_base.py:2705: RuntimeWarning: invalid value encountered in multiply
  c *= np.true_divide(1, fact)
/data/u_atayeva_software/conda/envs/neurobolt/lib/python3.9/site-packages/numpy/lib/function_base.py:2854: RuntimeWarning: invalid value encountered in divide
  c /= stddev[:, None]
/data/u_atayeva_software/conda/envs/neurobolt/lib/python3.9/site-packages/numpy/lib/function_base.py:2855: RuntimeWarning: invalid value encountered in divide
  c /= stddev[None, :]
/data/u_atayeva_software/conda/envs/neurobolt/lib/python3.9/site-packages/numpy/lib/function_base.py:2846: RuntimeWarning: Degrees of freedom <= 0 for slice
  c = cov(x, y, rowvar, dtype=dtype)
/data/u_atayeva_software/conda/envs/neurobolt/lib/python3.9/site-packages/numpy/lib/function_base.py:2705: RuntimeWarning: divide by zero encountered in divide
  c *= np.true_divide(1, fact)
/data/u_atayeva_software/conda/envs/neurobolt/lib/python3.9/site-packages/numpy/lib/function_base.py:2705: RuntimeWarning: invalid value encountered in multiply
  c *= np.true_divide(1, fact)
/data/u_atayeva_software/conda/envs/neurobolt/lib/python3.9/site-packages/numpy/lib/function_base.py:2854: RuntimeWarning: invalid value encountered in divide
  c /= stddev[:, None]
/data/u_atayeva_software/conda/envs/neurobolt/lib/python3.9/site-packages/numpy/lib/function_base.py:2855: RuntimeWarning: invalid value encountered in divide
  c /= stddev[None, :]
/data/u_atayeva_software/conda/envs/neurobolt/lib/python3.9/site-packages/numpy/lib/function_base.py:2846: RuntimeWarning: Degrees of freedom <= 0 for slice
  c = cov(x, y, rowvar, dtype=dtype)
/data/u_atayeva_software/conda/envs/neurobolt/lib/python3.9/site-packages/numpy/lib/function_base.py:2705: RuntimeWarning: divide by zero encountered in divide
  c *= np.true_divide(1, fact)
/data/u_atayeva_software/conda/envs/neurobolt/lib/python3.9/site-packages/numpy/lib/function_base.py:2705: RuntimeWarning: invalid value encountered in multiply
  c *= np.true_divide(1, fact)
/data/u_atayeva_software/conda/envs/neurobolt/lib/python3.9/site-packages/numpy/lib/function_base.py:2854: RuntimeWarning: invalid value encountered in divide
  c /= stddev[:, None]
/data/u_atayeva_software/conda/envs/neurobolt/lib/python3.9/site-packages/numpy/lib/function_base.py:2855: RuntimeWarning: invalid value encountered in divide
  c /= stddev[None, :]
/data/u_atayeva_software/conda/envs/neurobolt/lib/python3.9/site-packages/numpy/lib/function_base.py:2846: RuntimeWarning: Degrees of freedom <= 0 for slice
  c = cov(x, y, rowvar, dtype=dtype)
/data/u_atayeva_software/conda/envs/neurobolt/lib/python3.9/site-packages/numpy/lib/function_base.py:2705: RuntimeWarning: divide by zero encountered in divide
  c *= np.true_divide(1, fact)
/data/u_atayeva_software/conda/envs/neurobolt/lib/python3.9/site-packages/numpy/lib/function_base.py:2705: RuntimeWarning: invalid value encountered in multiply
  c *= np.true_divide(1, fact)
/data/u_atayeva_software/conda/envs/neurobolt/lib/python3.9/site-packages/numpy/lib/function_base.py:2854: RuntimeWarning: invalid value encountered in divide
  c /= stddev[:, None]
/data/u_atayeva_software/conda/envs/neurobolt/lib/python3.9/site-packages/numpy/lib/function_base.py:2855: RuntimeWarning: invalid value encountered in divide
  c /= stddev[None, :]
/data/u_atayeva_software/conda/envs/neurobolt/lib/python3.9/site-packages/numpy/lib/function_base.py:2846: RuntimeWarning: Degrees of freedom <= 0 for slice
  c = cov(x, y, rowvar, dtype=dtype)
/data/u_atayeva_software/conda/envs/neurobolt/lib/python3.9/site-packages/numpy/lib/function_base.py:2705: RuntimeWarning: divide by zero encountered in divide
  c *= np.true_divide(1, fact)
/data/u_atayeva_software/conda/envs/neurobolt/lib/python3.9/site-packages/numpy/lib/function_base.py:2705: RuntimeWarning: invalid value encountered in multiply
  c *= np.true_divide(1, fact)
/data/u_atayeva_software/conda/envs/neurobolt/lib/python3.9/site-packages/numpy/lib/function_base.py:2854: RuntimeWarning: invalid value encountered in divide
  c /= stddev[:, None]
/data/u_atayeva_software/conda/envs/neurobolt/lib/python3.9/site-packages/numpy/lib/function_base.py:2855: RuntimeWarning: invalid value encountered in divide
  c /= stddev[None, :]
/data/u_atayeva_software/conda/envs/neurobolt/lib/python3.9/site-packages/numpy/lib/function_base.py:2846: RuntimeWarning: Degrees of freedom <= 0 for slice
  c = cov(x, y, rowvar, dtype=dtype)
/data/u_atayeva_software/conda/envs/neurobolt/lib/python3.9/site-packages/numpy/lib/function_base.py:2705: RuntimeWarning: divide by zero encountered in divide
  c *= np.true_divide(1, fact)
/data/u_atayeva_software/conda/envs/neurobolt/lib/python3.9/site-packages/numpy/lib/function_base.py:2705: RuntimeWarning: invalid value encountered in multiply
  c *= np.true_divide(1, fact)
/data/u_atayeva_software/conda/envs/neurobolt/lib/python3.9/site-packages/numpy/lib/function_base.py:2854: RuntimeWarning: invalid value encountered in divide
  c /= stddev[:, None]
/data/u_atayeva_software/conda/envs/neurobolt/lib/python3.9/site-packages/numpy/lib/function_base.py:2855: RuntimeWarning: invalid value encountered in divide
  c /= stddev[None, :]
/data/u_atayeva_software/conda/envs/neurobolt/lib/python3.9/site-packages/numpy/lib/function_base.py:2846: RuntimeWarning: Degrees of freedom <= 0 for slice
  c = cov(x, y, rowvar, dtype=dtype)
/data/u_atayeva_software/conda/envs/neurobolt/lib/python3.9/site-packages/numpy/lib/function_base.py:2705: RuntimeWarning: divide by zero encountered in divide
  c *= np.true_divide(1, fact)
/data/u_atayeva_software/conda/envs/neurobolt/lib/python3.9/site-packages/numpy/lib/function_base.py:2705: RuntimeWarning: invalid value encountered in multiply
  c *= np.true_divide(1, fact)
/data/u_atayeva_software/conda/envs/neurobolt/lib/python3.9/site-packages/numpy/lib/function_base.py:2854: RuntimeWarning: invalid value encountered in divide
  c /= stddev[:, None]
/data/u_atayeva_software/conda/envs/neurobolt/lib/python3.9/site-packages/numpy/lib/function_base.py:2855: RuntimeWarning: invalid value encountered in divide
  c /= stddev[None, :]
/data/u_atayeva_software/conda/envs/neurobolt/lib/python3.9/site-packages/numpy/lib/function_base.py:2846: RuntimeWarning: Degrees of freedom <= 0 for slice
  c = cov(x, y, rowvar, dtype=dtype)
/data/u_atayeva_software/conda/envs/neurobolt/lib/python3.9/site-packages/numpy/lib/function_base.py:2705: RuntimeWarning: divide by zero encountered in divide
  c *= np.true_divide(1, fact)
/data/u_atayeva_software/conda/envs/neurobolt/lib/python3.9/site-packages/numpy/lib/function_base.py:2705: RuntimeWarning: invalid value encountered in multiply
  c *= np.true_divide(1, fact)
/data/u_atayeva_software/conda/envs/neurobolt/lib/python3.9/site-packages/numpy/lib/function_base.py:2854: RuntimeWarning: invalid value encountered in divide
  c /= stddev[:, None]
/data/u_atayeva_software/conda/envs/neurobolt/lib/python3.9/site-packages/numpy/lib/function_base.py:2855: RuntimeWarning: invalid value encountered in divide
  c /= stddev[None, :]
/data/u_atayeva_software/conda/envs/neurobolt/lib/python3.9/site-packages/numpy/lib/function_base.py:2846: RuntimeWarning: Degrees of freedom <= 0 for slice
  c = cov(x, y, rowvar, dtype=dtype)
/data/u_atayeva_software/conda/envs/neurobolt/lib/python3.9/site-packages/numpy/lib/function_base.py:2705: RuntimeWarning: divide by zero encountered in divide
  c *= np.true_divide(1, fact)
/data/u_atayeva_software/conda/envs/neurobolt/lib/python3.9/site-packages/numpy/lib/function_base.py:2705: RuntimeWarning: invalid value encountered in multiply
  c *= np.true_divide(1, fact)
/data/u_atayeva_software/conda/envs/neurobolt/lib/python3.9/site-packages/numpy/lib/function_base.py:2854: RuntimeWarning: invalid value encountered in divide
  c /= stddev[:, None]
/data/u_atayeva_software/conda/envs/neurobolt/lib/python3.9/site-packages/numpy/lib/function_base.py:2855: RuntimeWarning: invalid value encountered in divide
  c /= stddev[None, :]
/data/u_atayeva_software/conda/envs/neurobolt/lib/python3.9/site-packages/numpy/lib/function_base.py:2846: RuntimeWarning: Degrees of freedom <= 0 for slice
  c = cov(x, y, rowvar, dtype=dtype)
/data/u_atayeva_software/conda/envs/neurobolt/lib/python3.9/site-packages/numpy/lib/function_base.py:2705: RuntimeWarning: divide by zero encountered in divide
  c *= np.true_divide(1, fact)
/data/u_atayeva_software/conda/envs/neurobolt/lib/python3.9/site-packages/numpy/lib/function_base.py:2705: RuntimeWarning: invalid value encountered in multiply
  c *= np.true_divide(1, fact)
/data/u_atayeva_software/conda/envs/neurobolt/lib/python3.9/site-packages/numpy/lib/function_base.py:2854: RuntimeWarning: invalid value encountered in divide
  c /= stddev[:, None]
/data/u_atayeva_software/conda/envs/neurobolt/lib/python3.9/site-packages/numpy/lib/function_base.py:2855: RuntimeWarning: invalid value encountered in divide
  c /= stddev[None, :]
/data/u_atayeva_software/conda/envs/neurobolt/lib/python3.9/site-packages/numpy/lib/function_base.py:2846: RuntimeWarning: Degrees of freedom <= 0 for slice
  c = cov(x, y, rowvar, dtype=dtype)
/data/u_atayeva_software/conda/envs/neurobolt/lib/python3.9/site-packages/numpy/lib/function_base.py:2705: RuntimeWarning: divide by zero encountered in divide
  c *= np.true_divide(1, fact)
/data/u_atayeva_software/conda/envs/neurobolt/lib/python3.9/site-packages/numpy/lib/function_base.py:2705: RuntimeWarning: invalid value encountered in multiply
  c *= np.true_divide(1, fact)
/data/u_atayeva_software/conda/envs/neurobolt/lib/python3.9/site-packages/numpy/lib/function_base.py:2854: RuntimeWarning: invalid value encountered in divide
  c /= stddev[:, None]
/data/u_atayeva_software/conda/envs/neurobolt/lib/python3.9/site-packages/numpy/lib/function_base.py:2855: RuntimeWarning: invalid value encountered in divide
  c /= stddev[None, :]
/data/u_atayeva_software/conda/envs/neurobolt/lib/python3.9/site-packages/numpy/lib/function_base.py:2846: RuntimeWarning: Degrees of freedom <= 0 for slice
  c = cov(x, y, rowvar, dtype=dtype)
/data/u_atayeva_software/conda/envs/neurobolt/lib/python3.9/site-packages/numpy/lib/function_base.py:2705: RuntimeWarning: divide by zero encountered in divide
  c *= np.true_divide(1, fact)
/data/u_atayeva_software/conda/envs/neurobolt/lib/python3.9/site-packages/numpy/lib/function_base.py:2705: RuntimeWarning: invalid value encountered in multiply
  c *= np.true_divide(1, fact)
/data/u_atayeva_software/conda/envs/neurobolt/lib/python3.9/site-packages/numpy/lib/function_base.py:2854: RuntimeWarning: invalid value encountered in divide
  c /= stddev[:, None]
/data/u_atayeva_software/conda/envs/neurobolt/lib/python3.9/site-packages/numpy/lib/function_base.py:2855: RuntimeWarning: invalid value encountered in divide
  c /= stddev[None, :]
/data/u_atayeva_software/conda/envs/neurobolt/lib/python3.9/site-packages/numpy/lib/function_base.py:2846: RuntimeWarning: Degrees of freedom <= 0 for slice
  c = cov(x, y, rowvar, dtype=dtype)
/data/u_atayeva_software/conda/envs/neurobolt/lib/python3.9/site-packages/numpy/lib/function_base.py:2705: RuntimeWarning: divide by zero encountered in divide
  c *= np.true_divide(1, fact)
/data/u_atayeva_software/conda/envs/neurobolt/lib/python3.9/site-packages/numpy/lib/function_base.py:2705: RuntimeWarning: invalid value encountered in multiply
  c *= np.true_divide(1, fact)
/data/u_atayeva_software/conda/envs/neurobolt/lib/python3.9/site-packages/numpy/lib/function_base.py:2854: RuntimeWarning: invalid value encountered in divide
  c /= stddev[:, None]
/data/u_atayeva_software/conda/envs/neurobolt/lib/python3.9/site-packages/numpy/lib/function_base.py:2855: RuntimeWarning: invalid value encountered in divide
  c /= stddev[None, :]
/data/u_atayeva_software/conda/envs/neurobolt/lib/python3.9/site-packages/numpy/lib/function_base.py:2846: RuntimeWarning: Degrees of freedom <= 0 for slice
  c = cov(x, y, rowvar, dtype=dtype)
/data/u_atayeva_software/conda/envs/neurobolt/lib/python3.9/site-packages/numpy/lib/function_base.py:2705: RuntimeWarning: divide by zero encountered in divide
  c *= np.true_divide(1, fact)
/data/u_atayeva_software/conda/envs/neurobolt/lib/python3.9/site-packages/numpy/lib/function_base.py:2705: RuntimeWarning: invalid value encountered in multiply
  c *= np.true_divide(1, fact)
/data/u_atayeva_software/conda/envs/neurobolt/lib/python3.9/site-packages/numpy/lib/function_base.py:2854: RuntimeWarning: invalid value encountered in divide
  c /= stddev[:, None]
/data/u_atayeva_software/conda/envs/neurobolt/lib/python3.9/site-packages/numpy/lib/function_base.py:2855: RuntimeWarning: invalid value encountered in divide
  c /= stddev[None, :]
/data/u_atayeva_software/conda/envs/neurobolt/lib/python3.9/site-packages/numpy/lib/function_base.py:2846: RuntimeWarning: Degrees of freedom <= 0 for slice
  c = cov(x, y, rowvar, dtype=dtype)
/data/u_atayeva_software/conda/envs/neurobolt/lib/python3.9/site-packages/numpy/lib/function_base.py:2705: RuntimeWarning: divide by zero encountered in divide
  c *= np.true_divide(1, fact)
/data/u_atayeva_software/conda/envs/neurobolt/lib/python3.9/site-packages/numpy/lib/function_base.py:2705: RuntimeWarning: invalid value encountered in multiply
  c *= np.true_divide(1, fact)
/data/u_atayeva_software/conda/envs/neurobolt/lib/python3.9/site-packages/numpy/lib/function_base.py:2854: RuntimeWarning: invalid value encountered in divide
  c /= stddev[:, None]
/data/u_atayeva_software/conda/envs/neurobolt/lib/python3.9/site-packages/numpy/lib/function_base.py:2855: RuntimeWarning: invalid value encountered in divide
  c /= stddev[None, :]
/data/u_atayeva_software/conda/envs/neurobolt/lib/python3.9/site-packages/numpy/lib/function_base.py:2846: RuntimeWarning: Degrees of freedom <= 0 for slice
  c = cov(x, y, rowvar, dtype=dtype)
/data/u_atayeva_software/conda/envs/neurobolt/lib/python3.9/site-packages/numpy/lib/function_base.py:2705: RuntimeWarning: divide by zero encountered in divide
  c *= np.true_divide(1, fact)
/data/u_atayeva_software/conda/envs/neurobolt/lib/python3.9/site-packages/numpy/lib/function_base.py:2705: RuntimeWarning: invalid value encountered in multiply
  c *= np.true_divide(1, fact)
/data/u_atayeva_software/conda/envs/neurobolt/lib/python3.9/site-packages/numpy/lib/function_base.py:2846: RuntimeWarning: Degrees of freedom <= 0 for slice
  c = cov(x, y, rowvar, dtype=dtype)
/data/u_atayeva_software/conda/envs/neurobolt/lib/python3.9/site-packages/numpy/lib/function_base.py:2705: RuntimeWarning: divide by zero encountered in divide
  c *= np.true_divide(1, fact)
/data/u_atayeva_software/conda/envs/neurobolt/lib/python3.9/site-packages/numpy/lib/function_base.py:2705: RuntimeWarning: invalid value encountered in multiply
  c *= np.true_divide(1, fact)
/data/u_atayeva_software/conda/envs/neurobolt/lib/python3.9/site-packages/numpy/lib/function_base.py:2846: RuntimeWarning: Degrees of freedom <= 0 for slice
  c = cov(x, y, rowvar, dtype=dtype)
/data/u_atayeva_software/conda/envs/neurobolt/lib/python3.9/site-packages/numpy/lib/function_base.py:2705: RuntimeWarning: divide by zero encountered in divide
  c *= np.true_divide(1, fact)
/data/u_atayeva_software/conda/envs/neurobolt/lib/python3.9/site-packages/numpy/lib/function_base.py:2705: RuntimeWarning: invalid value encountered in multiply
  c *= np.true_divide(1, fact)
/data/u_atayeva_software/conda/envs/neurobolt/lib/python3.9/site-packages/numpy/lib/function_base.py:2846: RuntimeWarning: Degrees of freedom <= 0 for slice
  c = cov(x, y, rowvar, dtype=dtype)
/data/u_atayeva_software/conda/envs/neurobolt/lib/python3.9/site-packages/numpy/lib/function_base.py:2705: RuntimeWarning: divide by zero encountered in divide
  c *= np.true_divide(1, fact)
/data/u_atayeva_software/conda/envs/neurobolt/lib/python3.9/site-packages/numpy/lib/function_base.py:2705: RuntimeWarning: invalid value encountered in multiply
  c *= np.true_divide(1, fact)
/data/u_atayeva_software/conda/envs/neurobolt/lib/python3.9/site-packages/numpy/lib/function_base.py:2846: RuntimeWarning: Degrees of freedom <= 0 for slice
  c = cov(x, y, rowvar, dtype=dtype)
/data/u_atayeva_software/conda/envs/neurobolt/lib/python3.9/site-packages/numpy/lib/function_base.py:2705: RuntimeWarning: divide by zero encountered in divide
  c *= np.true_divide(1, fact)
/data/u_atayeva_software/conda/envs/neurobolt/lib/python3.9/site-packages/numpy/lib/function_base.py:2705: RuntimeWarning: invalid value encountered in multiply
  c *= np.true_divide(1, fact)
/data/u_atayeva_software/conda/envs/neurobolt/lib/python3.9/site-packages/numpy/lib/function_base.py:2846: RuntimeWarning: Degrees of freedom <= 0 for slice
  c = cov(x, y, rowvar, dtype=dtype)
/data/u_atayeva_software/conda/envs/neurobolt/lib/python3.9/site-packages/numpy/lib/function_base.py:2705: RuntimeWarning: divide by zero encountered in divide
  c *= np.true_divide(1, fact)
/data/u_atayeva_software/conda/envs/neurobolt/lib/python3.9/site-packages/numpy/lib/function_base.py:2705: RuntimeWarning: invalid value encountered in multiply
  c *= np.true_divide(1, fact)
/data/u_atayeva_software/conda/envs/neurobolt/lib/python3.9/site-packages/numpy/lib/function_base.py:2846: RuntimeWarning: Degrees of freedom <= 0 for slice
  c = cov(x, y, rowvar, dtype=dtype)
/data/u_atayeva_software/conda/envs/neurobolt/lib/python3.9/site-packages/numpy/lib/function_base.py:2705: RuntimeWarning: divide by zero encountered in divide
  c *= np.true_divide(1, fact)
/data/u_atayeva_software/conda/envs/neurobolt/lib/python3.9/site-packages/numpy/lib/function_base.py:2705: RuntimeWarning: invalid value encountered in multiply
  c *= np.true_divide(1, fact)
/data/u_atayeva_software/conda/envs/neurobolt/lib/python3.9/site-packages/numpy/lib/function_base.py:2846: RuntimeWarning: Degrees of freedom <= 0 for slice
  c = cov(x, y, rowvar, dtype=dtype)
/data/u_atayeva_software/conda/envs/neurobolt/lib/python3.9/site-packages/numpy/lib/function_base.py:2705: RuntimeWarning: divide by zero encountered in divide
  c *= np.true_divide(1, fact)
/data/u_atayeva_software/conda/envs/neurobolt/lib/python3.9/site-packages/numpy/lib/function_base.py:2705: RuntimeWarning: invalid value encountered in multiply
  c *= np.true_divide(1, fact)
/data/u_atayeva_software/conda/envs/neurobolt/lib/python3.9/site-packages/numpy/lib/function_base.py:2846: RuntimeWarning: Degrees of freedom <= 0 for slice
  c = cov(x, y, rowvar, dtype=dtype)
/data/u_atayeva_software/conda/envs/neurobolt/lib/python3.9/site-packages/numpy/lib/function_base.py:2705: RuntimeWarning: divide by zero encountered in divide
  c *= np.true_divide(1, fact)
/data/u_atayeva_software/conda/envs/neurobolt/lib/python3.9/site-packages/numpy/lib/function_base.py:2705: RuntimeWarning: invalid value encountered in multiply
  c *= np.true_divide(1, fact)
/data/u_atayeva_software/conda/envs/neurobolt/lib/python3.9/site-packages/numpy/lib/function_base.py:2846: RuntimeWarning: Degrees of freedom <= 0 for slice
  c = cov(x, y, rowvar, dtype=dtype)
/data/u_atayeva_software/conda/envs/neurobolt/lib/python3.9/site-packages/numpy/lib/function_base.py:2705: RuntimeWarning: divide by zero encountered in divide
  c *= np.true_divide(1, fact)
/data/u_atayeva_software/conda/envs/neurobolt/lib/python3.9/site-packages/numpy/lib/function_base.py:2705: RuntimeWarning: invalid value encountered in multiply
  c *= np.true_divide(1, fact)
/data/u_atayeva_software/conda/envs/neurobolt/lib/python3.9/site-packages/numpy/lib/function_base.py:2846: RuntimeWarning: Degrees of freedom <= 0 for slice
  c = cov(x, y, rowvar, dtype=dtype)
/data/u_atayeva_software/conda/envs/neurobolt/lib/python3.9/site-packages/numpy/lib/function_base.py:2705: RuntimeWarning: divide by zero encountered in divide
  c *= np.true_divide(1, fact)
/data/u_atayeva_software/conda/envs/neurobolt/lib/python3.9/site-packages/numpy/lib/function_base.py:2705: RuntimeWarning: invalid value encountered in multiply
  c *= np.true_divide(1, fact)
/data/u_atayeva_software/conda/envs/neurobolt/lib/python3.9/site-packages/numpy/lib/function_base.py:2846: RuntimeWarning: Degrees of freedom <= 0 for slice
  c = cov(x, y, rowvar, dtype=dtype)
/data/u_atayeva_software/conda/envs/neurobolt/lib/python3.9/site-packages/numpy/lib/function_base.py:2705: RuntimeWarning: divide by zero encountered in divide
  c *= np.true_divide(1, fact)
/data/u_atayeva_software/conda/envs/neurobolt/lib/python3.9/site-packages/numpy/lib/function_base.py:2705: RuntimeWarning: invalid value encountered in multiply
  c *= np.true_divide(1, fact)
/data/u_atayeva_software/conda/envs/neurobolt/lib/python3.9/site-packages/numpy/lib/function_base.py:2846: RuntimeWarning: Degrees of freedom <= 0 for slice
  c = cov(x, y, rowvar, dtype=dtype)
/data/u_atayeva_software/conda/envs/neurobolt/lib/python3.9/site-packages/numpy/lib/function_base.py:2705: RuntimeWarning: divide by zero encountered in divide
  c *= np.true_divide(1, fact)
/data/u_atayeva_software/conda/envs/neurobolt/lib/python3.9/site-packages/numpy/lib/function_base.py:2705: RuntimeWarning: invalid value encountered in multiply
  c *= np.true_divide(1, fact)
/data/u_atayeva_software/conda/envs/neurobolt/lib/python3.9/site-packages/numpy/lib/function_base.py:2846: RuntimeWarning: Degrees of freedom <= 0 for slice
  c = cov(x, y, rowvar, dtype=dtype)
/data/u_atayeva_software/conda/envs/neurobolt/lib/python3.9/site-packages/numpy/lib/function_base.py:2705: RuntimeWarning: divide by zero encountered in divide
  c *= np.true_divide(1, fact)
/data/u_atayeva_software/conda/envs/neurobolt/lib/python3.9/site-packages/numpy/lib/function_base.py:2705: RuntimeWarning: invalid value encountered in multiply
  c *= np.true_divide(1, fact)
/data/u_atayeva_software/conda/envs/neurobolt/lib/python3.9/site-packages/numpy/lib/function_base.py:2846: RuntimeWarning: Degrees of freedom <= 0 for slice
  c = cov(x, y, rowvar, dtype=dtype)
/data/u_atayeva_software/conda/envs/neurobolt/lib/python3.9/site-packages/numpy/lib/function_base.py:2705: RuntimeWarning: divide by zero encountered in divide
  c *= np.true_divide(1, fact)
/data/u_atayeva_software/conda/envs/neurobolt/lib/python3.9/site-packages/numpy/lib/function_base.py:2705: RuntimeWarning: invalid value encountered in multiply
  c *= np.true_divide(1, fact)
/data/u_atayeva_software/conda/envs/neurobolt/lib/python3.9/site-packages/numpy/lib/function_base.py:2846: RuntimeWarning: Degrees of freedom <= 0 for slice
  c = cov(x, y, rowvar, dtype=dtype)
/data/u_atayeva_software/conda/envs/neurobolt/lib/python3.9/site-packages/numpy/lib/function_base.py:2705: RuntimeWarning: divide by zero encountered in divide
  c *= np.true_divide(1, fact)
/data/u_atayeva_software/conda/envs/neurobolt/lib/python3.9/site-packages/numpy/lib/function_base.py:2705: RuntimeWarning: invalid value encountered in multiply
  c *= np.true_divide(1, fact)
/data/u_atayeva_software/conda/envs/neurobolt/lib/python3.9/site-packages/numpy/lib/function_base.py:2846: RuntimeWarning: Degrees of freedom <= 0 for slice
  c = cov(x, y, rowvar, dtype=dtype)
/data/u_atayeva_software/conda/envs/neurobolt/lib/python3.9/site-packages/numpy/lib/function_base.py:2705: RuntimeWarning: divide by zero encountered in divide
  c *= np.true_divide(1, fact)
/data/u_atayeva_software/conda/envs/neurobolt/lib/python3.9/site-packages/numpy/lib/function_base.py:2705: RuntimeWarning: invalid value encountered in multiply
  c *= np.true_divide(1, fact)
/data/u_atayeva_software/conda/envs/neurobolt/lib/python3.9/site-packages/numpy/lib/function_base.py:2846: RuntimeWarning: Degrees of freedom <= 0 for slice
  c = cov(x, y, rowvar, dtype=dtype)
/data/u_atayeva_software/conda/envs/neurobolt/lib/python3.9/site-packages/numpy/lib/function_base.py:2705: RuntimeWarning: divide by zero encountered in divide
  c *= np.true_divide(1, fact)
/data/u_atayeva_software/conda/envs/neurobolt/lib/python3.9/site-packages/numpy/lib/function_base.py:2705: RuntimeWarning: invalid value encountered in multiply
  c *= np.true_divide(1, fact)
/data/u_atayeva_software/conda/envs/neurobolt/lib/python3.9/site-packages/numpy/lib/function_base.py:2846: RuntimeWarning: Degrees of freedom <= 0 for slice
  c = cov(x, y, rowvar, dtype=dtype)
/data/u_atayeva_software/conda/envs/neurobolt/lib/python3.9/site-packages/numpy/lib/function_base.py:2705: RuntimeWarning: divide by zero encountered in divide
  c *= np.true_divide(1, fact)
/data/u_atayeva_software/conda/envs/neurobolt/lib/python3.9/site-packages/numpy/lib/function_base.py:2705: RuntimeWarning: invalid value encountered in multiply
  c *= np.true_divide(1, fact)
/data/u_atayeva_software/conda/envs/neurobolt/lib/python3.9/site-packages/numpy/lib/function_base.py:2846: RuntimeWarning: Degrees of freedom <= 0 for slice
  c = cov(x, y, rowvar, dtype=dtype)
/data/u_atayeva_software/conda/envs/neurobolt/lib/python3.9/site-packages/numpy/lib/function_base.py:2705: RuntimeWarning: divide by zero encountered in divide
  c *= np.true_divide(1, fact)
/data/u_atayeva_software/conda/envs/neurobolt/lib/python3.9/site-packages/numpy/lib/function_base.py:2705: RuntimeWarning: invalid value encountered in multiply
  c *= np.true_divide(1, fact)
/data/u_atayeva_software/conda/envs/neurobolt/lib/python3.9/site-packages/numpy/lib/function_base.py:2846: RuntimeWarning: Degrees of freedom <= 0 for slice
  c = cov(x, y, rowvar, dtype=dtype)
/data/u_atayeva_software/conda/envs/neurobolt/lib/python3.9/site-packages/numpy/lib/function_base.py:2705: RuntimeWarning: divide by zero encountered in divide
  c *= np.true_divide(1, fact)
/data/u_atayeva_software/conda/envs/neurobolt/lib/python3.9/site-packages/numpy/lib/function_base.py:2705: RuntimeWarning: invalid value encountered in multiply
  c *= np.true_divide(1, fact)
/data/u_atayeva_software/conda/envs/neurobolt/lib/python3.9/site-packages/numpy/lib/function_base.py:2846: RuntimeWarning: Degrees of freedom <= 0 for slice
  c = cov(x, y, rowvar, dtype=dtype)
/data/u_atayeva_software/conda/envs/neurobolt/lib/python3.9/site-packages/numpy/lib/function_base.py:2705: RuntimeWarning: divide by zero encountered in divide
  c *= np.true_divide(1, fact)
/data/u_atayeva_software/conda/envs/neurobolt/lib/python3.9/site-packages/numpy/lib/function_base.py:2705: RuntimeWarning: invalid value encountered in multiply
  c *= np.true_divide(1, fact)
/data/u_atayeva_software/conda/envs/neurobolt/lib/python3.9/site-packages/numpy/lib/function_base.py:2846: RuntimeWarning: Degrees of freedom <= 0 for slice
  c = cov(x, y, rowvar, dtype=dtype)
/data/u_atayeva_software/conda/envs/neurobolt/lib/python3.9/site-packages/numpy/lib/function_base.py:2705: RuntimeWarning: divide by zero encountered in divide
  c *= np.true_divide(1, fact)
/data/u_atayeva_software/conda/envs/neurobolt/lib/python3.9/site-packages/numpy/lib/function_base.py:2705: RuntimeWarning: invalid value encountered in multiply
  c *= np.true_divide(1, fact)
/data/u_atayeva_software/conda/envs/neurobolt/lib/python3.9/site-packages/numpy/lib/function_base.py:2846: RuntimeWarning: Degrees of freedom <= 0 for slice
  c = cov(x, y, rowvar, dtype=dtype)
/data/u_atayeva_software/conda/envs/neurobolt/lib/python3.9/site-packages/numpy/lib/function_base.py:2705: RuntimeWarning: divide by zero encountered in divide
  c *= np.true_divide(1, fact)
/data/u_atayeva_software/conda/envs/neurobolt/lib/python3.9/site-packages/numpy/lib/function_base.py:2705: RuntimeWarning: invalid value encountered in multiply
  c *= np.true_divide(1, fact)
/data/u_atayeva_software/conda/envs/neurobolt/lib/python3.9/site-packages/numpy/lib/function_base.py:2846: RuntimeWarning: Degrees of freedom <= 0 for slice
  c = cov(x, y, rowvar, dtype=dtype)
/data/u_atayeva_software/conda/envs/neurobolt/lib/python3.9/site-packages/numpy/lib/function_base.py:2705: RuntimeWarning: divide by zero encountered in divide
  c *= np.true_divide(1, fact)
/data/u_atayeva_software/conda/envs/neurobolt/lib/python3.9/site-packages/numpy/lib/function_base.py:2705: RuntimeWarning: invalid value encountered in multiply
  c *= np.true_divide(1, fact)
/data/u_atayeva_software/conda/envs/neurobolt/lib/python3.9/site-packages/numpy/lib/function_base.py:2846: RuntimeWarning: Degrees of freedom <= 0 for slice
  c = cov(x, y, rowvar, dtype=dtype)
/data/u_atayeva_software/conda/envs/neurobolt/lib/python3.9/site-packages/numpy/lib/function_base.py:2705: RuntimeWarning: divide by zero encountered in divide
  c *= np.true_divide(1, fact)
/data/u_atayeva_software/conda/envs/neurobolt/lib/python3.9/site-packages/numpy/lib/function_base.py:2705: RuntimeWarning: invalid value encountered in multiply
  c *= np.true_divide(1, fact)
/data/u_atayeva_software/conda/envs/neurobolt/lib/python3.9/site-packages/numpy/lib/function_base.py:2846: RuntimeWarning: Degrees of freedom <= 0 for slice
  c = cov(x, y, rowvar, dtype=dtype)
/data/u_atayeva_software/conda/envs/neurobolt/lib/python3.9/site-packages/numpy/lib/function_base.py:2705: RuntimeWarning: divide by zero encountered in divide
  c *= np.true_divide(1, fact)
/data/u_atayeva_software/conda/envs/neurobolt/lib/python3.9/site-packages/numpy/lib/function_base.py:2705: RuntimeWarning: invalid value encountered in multiply
  c *= np.true_divide(1, fact)
/data/u_atayeva_software/conda/envs/neurobolt/lib/python3.9/site-packages/numpy/lib/function_base.py:2846: RuntimeWarning: Degrees of freedom <= 0 for slice
  c = cov(x, y, rowvar, dtype=dtype)
/data/u_atayeva_software/conda/envs/neurobolt/lib/python3.9/site-packages/numpy/lib/function_base.py:2705: RuntimeWarning: divide by zero encountered in divide
  c *= np.true_divide(1, fact)
/data/u_atayeva_software/conda/envs/neurobolt/lib/python3.9/site-packages/numpy/lib/function_base.py:2705: RuntimeWarning: invalid value encountered in multiply
  c *= np.true_divide(1, fact)
slurmstepd-comps11h01: error: *** JOB 1769783 ON comps11h01 CANCELLED AT 2026-08-12T17:47:50 DUE TO TIME LIMIT ***
